../Drivers/CMSIS/Include/core_cm7.h:2301:26:ITM_SendChar	16	static,ignoring_inline_asm
../Core/Src/main.c:110:5:_write	32	static
../Core/Src/main.c:120:6:ITM_PrintPort	16	static,ignoring_inline_asm
../Core/Src/main.c:142:5:main	16	static
../Core/Src/main.c:263:6:SystemClock_Config	120	static
../Core/Src/main.c:321:6:PeriphCommonClock_Config	200	static
../Core/Src/main.c:348:13:MX_I2C2_Init	8	static
../Core/Src/main.c:396:13:MX_SPI4_Init	8	static
../Core/Src/main.c:444:13:MX_SPI5_Init	8	static
../Core/Src/main.c:492:13:MX_TIM4_Init	64	static
../Core/Src/main.c:559:13:MX_GPIO_Init	56	static
../Core/Src/main.c:611:6:RGB_SetColor	16	static
../Core/Src/main.c:618:6:RGB_Accel	40	static
../Core/Src/main.c:638:6:RGB_Gyro	40	static
../Core/Src/main.c:665:6:MPU_Config	24	static
../Core/Src/main.c:696:6:Error_Handler	4	static,ignoring_inline_asm
