../Drivers/CMSIS/Include/core_cm7.h:2301:26:ITM_SendChar	4
../Core/Src/main.c:93:5:_write	2
../Core/Src/main.c:103:6:ITM_PrintPort	5
../Core/Src/main.c:125:5:main	6
../Core/Src/main.c:231:6:SystemClock_Config	4
../Core/Src/main.c:289:6:PeriphCommonClock_Config	2
../Core/Src/main.c:316:13:MX_SPI4_Init	2
../Core/Src/main.c:364:13:MX_SPI5_Init	2
../Core/Src/main.c:412:13:MX_TIM4_Init	8
../Core/Src/main.c:479:13:MX_GPIO_Init	1
../Core/Src/main.c:531:6:RGB_SetColor	1
../Core/Src/main.c:538:6:RGB_Accel	4
../Core/Src/main.c:558:6:RGB_Gyro	7
../Core/Src/main.c:585:6:MPU_Config	1
../Core/Src/main.c:616:6:Error_Handler	1
