../Core/Src/main.c:105:5:main	1
../Core/Src/main.c:165:6:SystemClock_Config	4
../Core/Src/main.c:224:13:MX_SPI5_Init	2
../Core/Src/main.c:272:13:MX_TIM4_Init	8
../Core/Src/main.c:339:13:MX_GPIO_Init	1
../Core/Src/main.c:377:9:icm_read_who_am_i	1
../Core/Src/main.c:388:6:icm_write	1
../Core/Src/main.c:396:9:icm_read	1
../Core/Src/main.c:406:6:icm_init	2
../Core/Src/main.c:436:6:icm_read_data	1
../Core/Src/main.c:453:6:RGB_SetColor	1
../Core/Src/main.c:460:6:RGB_Accel	4
../Core/Src/main.c:483:6:MPU_Config	1
../Core/Src/main.c:514:6:Error_Handler	1
