../Core/Src/main.c:104:5:main	8	static
../Core/Src/main.c:157:6:SystemClock_Config	120	static
../Core/Src/main.c:216:13:MX_SPI5_Init	8	static
../Core/Src/main.c:264:13:MX_TIM4_Init	64	static
../Core/Src/main.c:331:13:MX_GPIO_Init	40	static
../Core/Src/main.c:369:9:icm_read_who_am_i	24	static
../Core/Src/main.c:380:6:icm_write	24	static
../Core/Src/main.c:388:9:icm_read	32	static
../Core/Src/main.c:398:6:icm_init	16	static
../Core/Src/main.c:428:6:icm_read_data	56	static
../Core/Src/main.c:445:6:RGB_SetColor	16	static
../Core/Src/main.c:455:6:MPU_Config	24	static
../Core/Src/main.c:486:6:Error_Handler	4	static,ignoring_inline_asm
