Archive member included to satisfy reference by file (symbol)

/Applications/STM32CubeIDE.app/Contents/Eclipse/plugins/com.st.stm32cube.ide.mcu.externaltools.gnu-tools-for-stm32.14.3.rel1.macosaarch64_1.0.0.202602081740/tools/bin/../lib/gcc/arm-none-eabi/14.3.1/../../../../arm-none-eabi/lib/thumb/v7e-m+dp/hard/libc_nano.a(libc_a-exit.o)
                              /Applications/STM32CubeIDE.app/Contents/Eclipse/plugins/com.st.stm32cube.ide.mcu.externaltools.gnu-tools-for-stm32.14.3.rel1.macosaarch64_1.0.0.202602081740/tools/bin/../lib/gcc/arm-none-eabi/14.3.1/../../../../arm-none-eabi/lib/thumb/v7e-m+dp/hard/crt0.o (exit)
/Applications/STM32CubeIDE.app/Contents/Eclipse/plugins/com.st.stm32cube.ide.mcu.externaltools.gnu-tools-for-stm32.14.3.rel1.macosaarch64_1.0.0.202602081740/tools/bin/../lib/gcc/arm-none-eabi/14.3.1/../../../../arm-none-eabi/lib/thumb/v7e-m+dp/hard/libc_nano.a(libc_a-findfp.o)
                              /Applications/STM32CubeIDE.app/Contents/Eclipse/plugins/com.st.stm32cube.ide.mcu.externaltools.gnu-tools-for-stm32.14.3.rel1.macosaarch64_1.0.0.202602081740/tools/bin/../lib/gcc/arm-none-eabi/14.3.1/../../../../arm-none-eabi/lib/thumb/v7e-m+dp/hard/libc_nano.a(libc_a-exit.o) (__stdio_exit_handler)
/Applications/STM32CubeIDE.app/Contents/Eclipse/plugins/com.st.stm32cube.ide.mcu.externaltools.gnu-tools-for-stm32.14.3.rel1.macosaarch64_1.0.0.202602081740/tools/bin/../lib/gcc/arm-none-eabi/14.3.1/../../../../arm-none-eabi/lib/thumb/v7e-m+dp/hard/libc_nano.a(libc_a-fwalk.o)
                              /Applications/STM32CubeIDE.app/Contents/Eclipse/plugins/com.st.stm32cube.ide.mcu.externaltools.gnu-tools-for-stm32.14.3.rel1.macosaarch64_1.0.0.202602081740/tools/bin/../lib/gcc/arm-none-eabi/14.3.1/../../../../arm-none-eabi/lib/thumb/v7e-m+dp/hard/libc_nano.a(libc_a-findfp.o) (_fwalk_sglue)
/Applications/STM32CubeIDE.app/Contents/Eclipse/plugins/com.st.stm32cube.ide.mcu.externaltools.gnu-tools-for-stm32.14.3.rel1.macosaarch64_1.0.0.202602081740/tools/bin/../lib/gcc/arm-none-eabi/14.3.1/../../../../arm-none-eabi/lib/thumb/v7e-m+dp/hard/libc_nano.a(libc_a-printf.o)
                              ./Core/Src/icm-42688-p.o (printf)
/Applications/STM32CubeIDE.app/Contents/Eclipse/plugins/com.st.stm32cube.ide.mcu.externaltools.gnu-tools-for-stm32.14.3.rel1.macosaarch64_1.0.0.202602081740/tools/bin/../lib/gcc/arm-none-eabi/14.3.1/../../../../arm-none-eabi/lib/thumb/v7e-m+dp/hard/libc_nano.a(libc_a-puts.o)
                              ./Core/Src/icm-42688-p.o (puts)
/Applications/STM32CubeIDE.app/Contents/Eclipse/plugins/com.st.stm32cube.ide.mcu.externaltools.gnu-tools-for-stm32.14.3.rel1.macosaarch64_1.0.0.202602081740/tools/bin/../lib/gcc/arm-none-eabi/14.3.1/../../../../arm-none-eabi/lib/thumb/v7e-m+dp/hard/libc_nano.a(libc_a-memset.o)
                              /Applications/STM32CubeIDE.app/Contents/Eclipse/plugins/com.st.stm32cube.ide.mcu.externaltools.gnu-tools-for-stm32.14.3.rel1.macosaarch64_1.0.0.202602081740/tools/bin/../lib/gcc/arm-none-eabi/14.3.1/../../../../arm-none-eabi/lib/thumb/v7e-m+dp/hard/crt0.o (memset)
/Applications/STM32CubeIDE.app/Contents/Eclipse/plugins/com.st.stm32cube.ide.mcu.externaltools.gnu-tools-for-stm32.14.3.rel1.macosaarch64_1.0.0.202602081740/tools/bin/../lib/gcc/arm-none-eabi/14.3.1/../../../../arm-none-eabi/lib/thumb/v7e-m+dp/hard/libc_nano.a(libc_a-errno.o)
                              ./Core/Src/syscalls.o (__errno)
/Applications/STM32CubeIDE.app/Contents/Eclipse/plugins/com.st.stm32cube.ide.mcu.externaltools.gnu-tools-for-stm32.14.3.rel1.macosaarch64_1.0.0.202602081740/tools/bin/../lib/gcc/arm-none-eabi/14.3.1/../../../../arm-none-eabi/lib/thumb/v7e-m+dp/hard/libc_nano.a(libc_a-init.o)
                              /Applications/STM32CubeIDE.app/Contents/Eclipse/plugins/com.st.stm32cube.ide.mcu.externaltools.gnu-tools-for-stm32.14.3.rel1.macosaarch64_1.0.0.202602081740/tools/bin/../lib/gcc/arm-none-eabi/14.3.1/../../../../arm-none-eabi/lib/thumb/v7e-m+dp/hard/crt0.o (__libc_init_array)
/Applications/STM32CubeIDE.app/Contents/Eclipse/plugins/com.st.stm32cube.ide.mcu.externaltools.gnu-tools-for-stm32.14.3.rel1.macosaarch64_1.0.0.202602081740/tools/bin/../lib/gcc/arm-none-eabi/14.3.1/../../../../arm-none-eabi/lib/thumb/v7e-m+dp/hard/libc_nano.a(libc_a-lock.o)
                              /Applications/STM32CubeIDE.app/Contents/Eclipse/plugins/com.st.stm32cube.ide.mcu.externaltools.gnu-tools-for-stm32.14.3.rel1.macosaarch64_1.0.0.202602081740/tools/bin/../lib/gcc/arm-none-eabi/14.3.1/../../../../arm-none-eabi/lib/thumb/v7e-m+dp/hard/libc_nano.a(libc_a-findfp.o) (__retarget_lock_init_recursive)
/Applications/STM32CubeIDE.app/Contents/Eclipse/plugins/com.st.stm32cube.ide.mcu.externaltools.gnu-tools-for-stm32.14.3.rel1.macosaarch64_1.0.0.202602081740/tools/bin/../lib/gcc/arm-none-eabi/14.3.1/../../../../arm-none-eabi/lib/thumb/v7e-m+dp/hard/libc_nano.a(libc_a-impure.o)
[...]
Memory Configuration

Name             Origin             Length             Attributes
FLASH            0x08000000         0x00200000         xr
DTCMRAM          0x20000000         0x00020000         xrw
RAM_D1           0x24000000         0x00080000         xrw
RAM_D2           0x30000000         0x00048000         xrw
RAM_D3           0x38000000         0x00010000         xrw
ITCMRAM          0x00000000         0x00010000         xrw
*default*        0x00000000         0xffffffff

Linker script and memory map

LOAD /Applications/STM32CubeIDE.app/Contents/Eclipse/plugins/com.st.stm32cube.ide.mcu.externaltools.gnu-tools-for-stm32.14.3.rel1.macosaarch64_1.0.0.202602081740/tools/bin/../lib/gcc/arm-none-eabi/14.3.1/thumb/v7e-m+dp/hard/crti.o
LOAD /Applications/STM32CubeIDE.app/Contents/Eclipse/plugins/com.st.stm32cube.ide.mcu.externaltools.gnu-tools-for-stm32.14.3.rel1.macosaarch64_1.0.0.202602081740/tools/bin/../lib/gcc/arm-none-eabi/14.3.1/thumb/v7e-m+dp/hard/crtbegin.o
LOAD /Applications/STM32CubeIDE.app/Contents/Eclipse/plugins/com.st.stm32cube.ide.mcu.externaltools.gnu-tools-for-stm32.14.3.rel1.macosaarch64_1.0.0.202602081740/tools/bin/../lib/gcc/arm-none-eabi/14.3.1/../../../../arm-none-eabi/lib/thumb/v7e-m+dp/hard/crt0.o
LOAD ./Core/Src/icm-42688-p.o
LOAD ./Core/Src/main.o
LOAD ./Core/Src/stm32h7xx_hal_msp.o
LOAD ./Core/Src/stm32h7xx_it.o
LOAD ./Core/Src/syscalls.o
LOAD ./Core/Src/sysmem.o
LOAD ./Core/Src/system_stm32h7xx.o
LOAD ./Core/Startup/startup_stm32h743vitx.o
LOAD ./Drivers/STM32H7xx_HAL_Driver/Src/stm32h7xx_hal.o
LOAD ./Drivers/STM32H7xx_HAL_Driver/Src/stm32h7xx_hal_cortex.o
LOAD ./Drivers/STM32H7xx_HAL_Driver/Src/stm32h7xx_hal_dma.o
LOAD ./Drivers/STM32H7xx_HAL_Driver/Src/stm32h7xx_hal_dma_ex.o
LOAD ./Drivers/STM32H7xx_HAL_Driver/Src/stm32h7xx_hal_exti.o
LOAD ./Drivers/STM32H7xx_HAL_Driver/Src/stm32h7xx_hal_flash.o
LOAD ./Drivers/STM32H7xx_HAL_Driver/Src/stm32h7xx_hal_flash_ex.o
LOAD ./Drivers/STM32H7xx_HAL_Driver/Src/stm32h7xx_hal_gpio.o
LOAD ./Drivers/STM32H7xx_HAL_Driver/Src/stm32h7xx_hal_hsem.o
LOAD ./Drivers/STM32H7xx_HAL_Driver/Src/stm32h7xx_hal_i2c.o
LOAD ./Drivers/STM32H7xx_HAL_Driver/Src/stm32h7xx_hal_i2c_ex.o
LOAD ./Drivers/STM32H7xx_HAL_Driver/Src/stm32h7xx_hal_mdma.o
LOAD ./Drivers/STM32H7xx_HAL_Driver/Src/stm32h7xx_hal_pcd.o
LOAD ./Drivers/STM32H7xx_HAL_Driver/Src/stm32h7xx_hal_pcd_ex.o
LOAD ./Drivers/STM32H7xx_HAL_Driver/Src/stm32h7xx_hal_pwr.o
LOAD ./Drivers/STM32H7xx_HAL_Driver/Src/stm32h7xx_hal_pwr_ex.o
LOAD ./Drivers/STM32H7xx_HAL_Driver/Src/stm32h7xx_hal_rcc.o
LOAD ./Drivers/STM32H7xx_HAL_Driver/Src/stm32h7xx_hal_rcc_ex.o
LOAD ./Drivers/STM32H7xx_HAL_Driver/Src/stm32h7xx_hal_spi.o
LOAD ./Drivers/STM32H7xx_HAL_Driver/Src/stm32h7xx_hal_spi_ex.o
LOAD ./Drivers/STM32H7xx_HAL_Driver/Src/stm32h7xx_hal_tim.o
LOAD ./Drivers/STM32H7xx_HAL_Driver/Src/stm32h7xx_hal_tim_ex.o
LOAD ./Drivers/STM32H7xx_HAL_Driver/Src/stm32h7xx_ll_usb.o
LOAD ./Middlewares/ST/STM32_USB_Device_Library/Class/CDC/Src/usbd_cdc.o
LOAD ./Middlewares/ST/STM32_USB_Device_Library/Core/Src/usbd_core.o
LOAD ./Middlewares/ST/STM32_USB_Device_Library/Core/Src/usbd_ctlreq.o
LOAD ./Middlewares/ST/STM32_USB_Device_Library/Core/Src/usbd_ioreq.o
LOAD ./USB_DEVICE/App/usb_device.o
LOAD ./USB_DEVICE/App/usbd_cdc_if.o
LOAD ./USB_DEVICE/App/usbd_desc.o
LOAD ./USB_DEVICE/Target/usbd_conf.o
START GROUP
LOAD /Applications/STM32CubeIDE.app/Contents/Eclipse/plugins/com.st.stm32cube.ide.mcu.externaltools.gnu-tools-for-stm32.14.3.rel1.macosaarch64_1.0.0.202602081740/tools/bin/../lib/gcc/arm-none-eabi/14.3.1/../../../../arm-none-eabi/lib/thumb/v7e-m+dp/hard/libc_nano.a
LOAD /Applications/STM32CubeIDE.app/Contents/Eclipse/plugins/com.st.stm32cube.ide.mcu.externaltools.gnu-tools-for-stm32.14.3.rel1.macosaarch64_1.0.0.202602081740/tools/bin/../lib/gcc/arm-none-eabi/14.3.1/../../../../arm-none-eabi/lib/thumb/v7e-m+dp/hard/libm.a
END GROUP
START GROUP
LOAD /Applications/STM32CubeIDE.app/Contents/Eclipse/plugins/com.st.stm32cube.ide.mcu.externaltools.gnu-tools-for-stm32.14.3.rel1.macosaarch64_1.0.0.202602081740/tools/bin/../lib/gcc/arm-none-eabi/14.3.1/thumb/v7e-m+dp/hard/libgcc.a
LOAD /Applications/STM32CubeIDE.app/Contents/Eclipse/plugins/com.st.stm32cube.ide.mcu.externaltools.gnu-tools-for-stm32.14.3.rel1.macosaarch64_1.0.0.202602081740/tools/bin/../lib/gcc/arm-none-eabi/14.3.1/../../../../arm-none-eabi/lib/thumb/v7e-m+dp/hard/libc_nano.a
END GROUP
START GROUP
LOAD /Applications/STM32CubeIDE.app/Contents/Eclipse/plugins/com.st.stm32cube.ide.mcu.externaltools.gnu-tools-for-stm32.14.3.rel1.macosaarch64_1.0.0.202602081740/tools/bin/../lib/gcc/arm-none-eabi/14.3.1/thumb/v7e-m+dp/hard/libgcc.a
LOAD /Applications/STM32CubeIDE.app/Contents/Eclipse/plugins/com.st.stm32cube.ide.mcu.externaltools.gnu-tools-for-stm32.14.3.rel1.macosaarch64_1.0.0.202602081740/tools/bin/../lib/gcc/arm-none-eabi/14.3.1/../../../../arm-none-eabi/lib/thumb/v7e-m+dp/hard/libc_nano.a
LOAD /Applications/STM32CubeIDE.app/Contents/Eclipse/plugins/com.st.stm32cube.ide.mcu.externaltools.gnu-tools-for-stm32.14.3.rel1.macosaarch64_1.0.0.202602081740/tools/bin/../lib/gcc/arm-none-eabi/14.3.1/../../../../arm-none-eabi/lib/thumb/v7e-m+dp/hard/libnosys.a
END GROUP
START GROUP
LOAD /Applications/STM32CubeIDE.app/Contents/Eclipse/plugins/com.st.stm32cube.ide.mcu.externaltools.gnu-tools-for-stm32.14.3.rel1.macosaarch64_1.0.0.202602081740/tools/bin/../lib/gcc/arm-none-eabi/14.3.1/thumb/v7e-m+dp/hard/libgcc.a
LOAD /Applications/STM32CubeIDE.app/Contents/Eclipse/plugins/com.st.stm32cube.ide.mcu.externaltools.gnu-tools-for-stm32.14.3.rel1.macosaarch64_1.0.0.202602081740/tools/bin/../lib/gcc/arm-none-eabi/14.3.1/../../../../arm-none-eabi/lib/thumb/v7e-m+dp/hard/libc_nano.a
LOAD /Applications/STM32CubeIDE.app/Contents/Eclipse/plugins/com.st.stm32cube.ide.mcu.externaltools.gnu-tools-for-stm32.14.3.rel1.macosaarch64_1.0.0.202602081740/tools/bin/../lib/gcc/arm-none-eabi/14.3.1/../../../../arm-none-eabi/lib/thumb/v7e-m+dp/hard/libnosys.a
END GROUP
LOAD /Applications/STM32CubeIDE.app/Contents/Eclipse/plugins/com.st.stm32cube.ide.mcu.externaltools.gnu-tools-for-stm32.14.3.rel1.macosaarch64_1.0.0.202602081740/tools/bin/../lib/gcc/arm-none-eabi/14.3.1/thumb/v7e-m+dp/hard/crtend.o
LOAD /Applications/STM32CubeIDE.app/Contents/Eclipse/plugins/com.st.stm32cube.ide.mcu.externaltools.gnu-tools-for-stm32.14.3.rel1.macosaarch64_1.0.0.202602081740/tools/bin/../lib/gcc/arm-none-eabi/14.3.1/thumb/v7e-m+dp/hard/crtn.o
                0x24080000                        _estack = (ORIGIN (RAM_D1) + LENGTH (RAM_D1))
                0x00000200                        _Min_Heap_Size = 0x200
                0x00000400                        _Min_Stack_Size = 0x400

.isr_vector     0x08000000      0x298
                0x08000000                        . = ALIGN (0x4)
 *(.isr_vector)
 .isr_vector    0x08000000      0x298 ./Core/Startup/startup_stm32h743vitx.o
                0x08000000                g_pfnVectors
                0x08000298                        . = ALIGN (0x4)

.text           0x080002a0     0xafe8
                0x080002a0                        . = ALIGN (0x4)
 *(.text)
 .text          0x080002a0       0x40 /Applications/STM32CubeIDE.app/Contents/Eclipse/plugins/com.st.stm32cube.ide.mcu.externaltools.gnu-tools-for-stm32.14.3.rel1.macosaarch64_1.0.0.202602081740/tools/bin/../lib/gcc/arm-none-eabi/14.3.1/thumb/v7e-m+dp/hard/crtbegin.o
 .text          0x080002e0       0xa0 /Applications/STM32CubeIDE.app/Contents/Eclipse/plugins/com.st.stm32cube.ide.mcu.externaltools.gnu-tools-for-stm32.14.3.rel1.macosaarch64_1.0.0.202602081740/tools/bin/../lib/gcc/arm-none-eabi/14.3.1/../../../../arm-none-eabi/lib/thumb/v7e-m+dp/hard/libc_nano.a(libc_a-memchr.o)
                0x080002e0                memchr
 *(.text*)
 .text.icm_write
                0x08000380       0x5e ./Core/Src/icm-42688-p.o
                0x08000380                icm_write
 .text.icm_read
                0x080003de       0x60 ./Core/Src/icm-42688-p.o
                0x080003de                icm_read
 .text.icm_init
                0x0800043e       0x62 ./Core/Src/icm-42688-p.o
                0x0800043e                icm_init
 .text.icm_read_data
                0x080004a0      0x140 ./Core/Src/icm-42688-p.o
                0x080004a0                icm_read_data
 .text._write   0x080005e0       0x2a ./Core/Src/main.o
                0x080005e0                _write
 *fill*         0x0800060a        0x2 
 .text.main     0x0800060c       0xfc ./Core/Src/main.o
                0x0800060c                main
 .text.SystemClock_Config
                0x08000708       0xf4 ./Core/Src/main.o
                0x08000708                SystemClock_Config
 .text.PeriphCommonClock_Config
                0x080007fc       0x68 ./Core/Src/main.o
                0x080007fc                PeriphCommonClock_Config
 .text.MX_SPI1_Init
                0x08000864       0xac ./Core/Src/main.o
 .text.MX_GPIO_Init
                0x08000910      0x110 ./Core/Src/main.o
 .text.MPU_Config
                0x08000a20       0x58 ./Core/Src/main.o
 .text.Error_Handler
                0x08000a78        0xc ./Core/Src/main.o
                0x08000a78                Error_Handler
 .text.HAL_MspInit
                0x08000a84       0x34 ./Core/Src/stm32h7xx_hal_msp.o
                0x08000a84                HAL_MspInit
 .text.HAL_SPI_MspInit
                0x08000ab8       0x94 ./Core/Src/stm32h7xx_hal_msp.o
                0x08000ab8                HAL_SPI_MspInit
 .text.NMI_Handler
                0x08000b4c        0x8 ./Core/Src/stm32h7xx_it.o
                0x08000b4c                NMI_Handler
 .text.HardFault_Handler
                0x08000b54        0x8 ./Core/Src/stm32h7xx_it.o
                0x08000b54                HardFault_Handler
 .text.MemManage_Handler
                0x08000b5c        0x8 ./Core/Src/stm32h7xx_it.o
                0x08000b5c                MemManage_Handler
 .text.BusFault_Handler
                0x08000b64        0x8 ./Core/Src/stm32h7xx_it.o
                0x08000b64                BusFault_Handler
 .text.UsageFault_Handler
                0x08000b6c        0x8 ./Core/Src/stm32h7xx_it.o
                0x08000b6c                UsageFault_Handler
 .text.SVC_Handler
                0x08000b74        0xe ./Core/Src/stm32h7xx_it.o
                0x08000b74                SVC_Handler
 .text.DebugMon_Handler
                0x08000b82        0xe ./Core/Src/stm32h7xx_it.o
                0x08000b82                DebugMon_Handler
 .text.PendSV_Handler
                0x08000b90        0xe ./Core/Src/stm32h7xx_it.o
                0x08000b90                PendSV_Handler
 .text.SysTick_Handler
                0x08000b9e        0xc ./Core/Src/stm32h7xx_it.o
                0x08000b9e                SysTick_Handler
 *fill*         0x08000baa        0x2 
 .text.OTG_FS_IRQHandler
                0x08000bac       0x14 ./Core/Src/stm32h7xx_it.o
                0x08000bac                OTG_FS_IRQHandler
 .text._read    0x08000bc0       0x3a ./Core/Src/syscalls.o
                0x08000bc0                _read
 .text._close   0x08000bfa       0x18 ./Core/Src/syscalls.o
                0x08000bfa                _close
 .text._fstat   0x08000c12       0x20 ./Core/Src/syscalls.o
                0x08000c12                _fstat
 .text._isatty  0x08000c32       0x16 ./Core/Src/syscalls.o
                0x08000c32                _isatty
 .text._lseek   0x08000c48       0x1a ./Core/Src/syscalls.o
                0x08000c48                _lseek
 *fill*         0x08000c62        0x2 
 .text._sbrk    0x08000c64       0x6c ./Core/Src/sysmem.o
                0x08000c64                _sbrk
 .text.SystemInit
                0x08000cd0      0x140 ./Core/Src/system_stm32h7xx.o
                0x08000cd0                SystemInit
 .text.ExitRun0Mode
                0x08000e10       0x18 ./Core/Src/system_stm32h7xx.o
                0x08000e10                ExitRun0Mode
 .text.Reset_Handler
                0x08000e28       0x54 ./Core/Startup/startup_stm32h743vitx.o
                0x08000e28                Reset_Handler
 .text.Default_Handler
                0x08000e7c        0x2 ./Core/Startup/startup_stm32h743vitx.o
                0x08000e7c                DMA1_Stream3_IRQHandler
                0x08000e7c                EXTI2_IRQHandler
                0x08000e7c                TIM8_CC_IRQHandler
                0x08000e7c                HRTIM1_Master_IRQHandler
                0x08000e7c                UART8_IRQHandler
                0x08000e7c                SPI4_IRQHandler
                0x08000e7c                TIM1_CC_IRQHandler
                0x08000e7c                BDMA_Channel6_IRQHandler
                0x08000e7c                DMA2_Stream5_IRQHandler
                0x08000e7c                HRTIM1_FLT_IRQHandler
                0x08000e7c                JPEG_IRQHandler
                0x08000e7c                DMA1_Stream5_IRQHandler
                0x08000e7c                BDMA_Channel1_IRQHandler
                0x08000e7c                HRTIM1_TIMD_IRQHandler
                0x08000e7c                TAMP_STAMP_IRQHandler
                0x08000e7c                EXTI3_IRQHandler
                0x08000e7c                LPTIM4_IRQHandler
                0x08000e7c                TIM8_TRG_COM_TIM14_IRQHandler
                0x08000e7c                LPTIM2_IRQHandler
                0x08000e7c                DFSDM1_FLT1_IRQHandler
                0x08000e7c                DMAMUX2_OVR_IRQHandler
                0x08000e7c                TIM8_UP_TIM13_IRQHandler
                0x08000e7c                I2C3_ER_IRQHandler
                0x08000e7c                DFSDM1_FLT2_IRQHandler
                0x08000e7c                MDMA_IRQHandler
                0x08000e7c                LPTIM3_IRQHandler
                0x08000e7c                HSEM1_IRQHandler
                0x08000e7c                EXTI0_IRQHandler
                0x08000e7c                I2C2_EV_IRQHandler
                0x08000e7c                DMA1_Stream2_IRQHandler
                0x08000e7c                FPU_IRQHandler
                0x08000e7c                OTG_HS_WKUP_IRQHandler
                0x08000e7c                FDCAN1_IT1_IRQHandler
                0x08000e7c                LTDC_ER_IRQHandler
                0x08000e7c                DMA2_Stream2_IRQHandler
                0x08000e7c                HRTIM1_TIME_IRQHandler
                0x08000e7c                SPI1_IRQHandler
                0x08000e7c                TIM6_DAC_IRQHandler
                0x08000e7c                DCMI_IRQHandler
                0x08000e7c                HRTIM1_TIMC_IRQHandler
                0x08000e7c                DMA2_Stream3_IRQHandler
                0x08000e7c                SAI2_IRQHandler
                0x08000e7c                DFSDM1_FLT3_IRQHandler
                0x08000e7c                USART6_IRQHandler
                0x08000e7c                TIM17_IRQHandler
                0x08000e7c                USART3_IRQHandler
                0x08000e7c                BDMA_Channel7_IRQHandler
                0x08000e7c                LPTIM5_IRQHandler
                0x08000e7c                UART5_IRQHandler
                0x08000e7c                ADC3_IRQHandler
                0x08000e7c                DMA2_Stream0_IRQHandler
                0x08000e7c                TIM4_IRQHandler
                0x08000e7c                BDMA_Channel2_IRQHandler
                0x08000e7c                QUADSPI_IRQHandler
                0x08000e7c                I2C1_EV_IRQHandler
                0x08000e7c                DMA1_Stream6_IRQHandler
                0x08000e7c                DMAMUX1_OVR_IRQHandler
                0x08000e7c                DMA1_Stream1_IRQHandler
                0x08000e7c                TIM16_IRQHandler
                0x08000e7c                UART4_IRQHandler
                0x08000e7c                BDMA_Channel5_IRQHandler
                0x08000e7c                TIM3_IRQHandler
                0x08000e7c                RCC_IRQHandler
                0x08000e7c                TIM8_BRK_TIM12_IRQHandler
                0x08000e7c                TIM1_TRG_COM_IRQHandler
                0x08000e7c                Default_Handler
                0x08000e7c                ECC_IRQHandler
                0x08000e7c                CEC_IRQHandler
                0x08000e7c                EXTI15_10_IRQHandler
                0x08000e7c                BDMA_Channel0_IRQHandler
                0x08000e7c                ADC_IRQHandler
                0x08000e7c                DMA1_Stream7_IRQHandler
                0x08000e7c                HRTIM1_TIMA_IRQHandler
                0x08000e7c                SPI5_IRQHandler
                0x08000e7c                TIM7_IRQHandler
                0x08000e7c                SDMMC1_IRQHandler
                0x08000e7c                TIM5_IRQHandler
                0x08000e7c                DMA2_Stream7_IRQHandler
                0x08000e7c                TIM15_IRQHandler
                0x08000e7c                PVD_AVD_IRQHandler
                0x08000e7c                I2C3_EV_IRQHandler
                0x08000e7c                EXTI9_5_IRQHandler
                0x08000e7c                RTC_WKUP_IRQHandler
                0x08000e7c                LTDC_IRQHandler
                0x08000e7c                SAI3_IRQHandler
                0x08000e7c                ETH_WKUP_IRQHandler
                0x08000e7c                SPDIF_RX_IRQHandler
                0x08000e7c                SPI2_IRQHandler
                0x08000e7c                OTG_HS_EP1_IN_IRQHandler
                0x08000e7c                DMA1_Stream0_IRQHandler
                0x08000e7c                CRS_IRQHandler
                0x08000e7c                EXTI4_IRQHandler
                0x08000e7c                RNG_IRQHandler
                0x08000e7c                HRTIM1_TIMB_IRQHandler
                0x08000e7c                FDCAN2_IT1_IRQHandler
                0x08000e7c                ETH_IRQHandler
                0x08000e7c                TIM1_UP_IRQHandler
                0x08000e7c                BDMA_Channel4_IRQHandler
                0x08000e7c                OTG_HS_EP1_OUT_IRQHandler
                0x08000e7c                WWDG_IRQHandler
                0x08000e7c                SPI6_IRQHandler
                0x08000e7c                MDIOS_IRQHandler
                0x08000e7c                I2C4_EV_IRQHandler
                0x08000e7c                FDCAN2_IT0_IRQHandler
                0x08000e7c                LPUART1_IRQHandler
                0x08000e7c                FDCAN1_IT0_IRQHandler
                0x08000e7c                TIM2_IRQHandler
                0x08000e7c                OTG_FS_WKUP_IRQHandler
                0x08000e7c                OTG_HS_IRQHandler
                0x08000e7c                DMA2D_IRQHandler
                0x08000e7c                TIM1_BRK_IRQHandler
                0x08000e7c                EXTI1_IRQHandler
                0x08000e7c                SDMMC2_IRQHandler
                0x08000e7c                OTG_FS_EP1_OUT_IRQHandler
                0x08000e7c                BDMA_Channel3_IRQHandler
                0x08000e7c                UART7_IRQHandler
                0x08000e7c                MDIOS_WKUP_IRQHandler
                0x08000e7c                USART2_IRQHandler
                0x08000e7c                DFSDM1_FLT0_IRQHandler
                0x08000e7c                SAI4_IRQHandler
                0x08000e7c                I2C2_ER_IRQHandler
                0x08000e7c                DMA2_Stream1_IRQHandler
                0x08000e7c                FLASH_IRQHandler
                0x08000e7c                DMA2_Stream4_IRQHandler
                0x08000e7c                USART1_IRQHandler
                0x08000e7c                SPI3_IRQHandler
                0x08000e7c                WAKEUP_PIN_IRQHandler
                0x08000e7c                DMA1_Stream4_IRQHandler
                0x08000e7c                OTG_FS_EP1_IN_IRQHandler
                0x08000e7c                I2C1_ER_IRQHandler
                0x08000e7c                FMC_IRQHandler
                0x08000e7c                FDCAN_CAL_IRQHandler
                0x08000e7c                SWPMI1_IRQHandler
                0x08000e7c                COMP1_IRQHandler
                0x08000e7c                LPTIM1_IRQHandler
                0x08000e7c                I2C4_ER_IRQHandler
                0x08000e7c                DMA2_Stream6_IRQHandler
                0x08000e7c                SAI1_IRQHandler
                0x08000e7c                RTC_Alarm_IRQHandler
 *fill*         0x08000e7e        0x2 
 .text.HAL_Init
                0x08000e80       0x78 ./Drivers/STM32H7xx_HAL_Driver/Src/stm32h7xx_hal.o
                0x08000e80                HAL_Init
 .text.HAL_InitTick
                0x08000ef8       0x6c ./Drivers/STM32H7xx_HAL_Driver/Src/stm32h7xx_hal.o
                0x08000ef8                HAL_InitTick
 .text.HAL_IncTick
                0x08000f64       0x28 ./Drivers/STM32H7xx_HAL_Driver/Src/stm32h7xx_hal.o
                0x08000f64                HAL_IncTick
 .text.HAL_GetTick
                0x08000f8c       0x18 ./Drivers/STM32H7xx_HAL_Driver/Src/stm32h7xx_hal.o
                0x08000f8c                HAL_GetTick
 .text.HAL_Delay
                0x08000fa4       0x48 ./Drivers/STM32H7xx_HAL_Driver/Src/stm32h7xx_hal.o
                0x08000fa4                HAL_Delay
 .text.HAL_GetREVID
                0x08000fec       0x18 ./Drivers/STM32H7xx_HAL_Driver/Src/stm32h7xx_hal.o
                0x08000fec                HAL_GetREVID
 .text.__NVIC_SetPriorityGrouping
                0x08001004       0x48 ./Drivers/STM32H7xx_HAL_Driver/Src/stm32h7xx_hal_cortex.o
 .text.__NVIC_GetPriorityGrouping
                0x0800104c       0x1c ./Drivers/STM32H7xx_HAL_Driver/Src/stm32h7xx_hal_cortex.o
 .text.__NVIC_EnableIRQ
                0x08001068       0x3c ./Drivers/STM32H7xx_HAL_Driver/Src/stm32h7xx_hal_cortex.o
 .text.__NVIC_SetPriority
                0x080010a4       0x54 ./Drivers/STM32H7xx_HAL_Driver/Src/stm32h7xx_hal_cortex.o
 .text.NVIC_EncodePriority
                0x080010f8       0x66 ./Drivers/STM32H7xx_HAL_Driver/Src/stm32h7xx_hal_cortex.o
 *fill*         0x0800115e        0x2 
 .text.SysTick_Config
                0x08001160       0x44 ./Drivers/STM32H7xx_HAL_Driver/Src/stm32h7xx_hal_cortex.o
 .text.HAL_NVIC_SetPriorityGrouping
                0x080011a4       0x16 ./Drivers/STM32H7xx_HAL_Driver/Src/stm32h7xx_hal_cortex.o
                0x080011a4                HAL_NVIC_SetPriorityGrouping
 .text.HAL_NVIC_SetPriority
                0x080011ba       0x34 ./Drivers/STM32H7xx_HAL_Driver/Src/stm32h7xx_hal_cortex.o
                0x080011ba                HAL_NVIC_SetPriority
 .text.HAL_NVIC_EnableIRQ
                0x080011ee       0x1c ./Drivers/STM32H7xx_HAL_Driver/Src/stm32h7xx_hal_cortex.o
                0x080011ee                HAL_NVIC_EnableIRQ
 .text.HAL_SYSTICK_Config
                0x0800120a       0x18 ./Drivers/STM32H7xx_HAL_Driver/Src/stm32h7xx_hal_cortex.o
                0x0800120a                HAL_SYSTICK_Config
 *fill*         0x08001222        0x2 
 .text.HAL_MPU_Disable
                0x08001224       0x30 ./Drivers/STM32H7xx_HAL_Driver/Src/stm32h7xx_hal_cortex.o
                0x08001224                HAL_MPU_Disable
 .text.HAL_MPU_Enable
                0x08001254       0x40 ./Drivers/STM32H7xx_HAL_Driver/Src/stm32h7xx_hal_cortex.o
                0x08001254                HAL_MPU_Enable
 .text.HAL_MPU_ConfigRegion
                0x08001294       0x80 ./Drivers/STM32H7xx_HAL_Driver/Src/stm32h7xx_hal_cortex.o
                0x08001294                HAL_MPU_ConfigRegion
 .text.HAL_GPIO_Init
                0x08001314      0x374 ./Drivers/STM32H7xx_HAL_Driver/Src/stm32h7xx_hal_gpio.o
                0x08001314                HAL_GPIO_Init
 .text.HAL_GPIO_WritePin
                0x08001688       0x32 ./Drivers/STM32H7xx_HAL_Driver/Src/stm32h7xx_hal_gpio.o
                0x08001688                HAL_GPIO_WritePin
 .text.HAL_PCD_Init
                0x080016ba      0x218 ./Drivers/STM32H7xx_HAL_Driver/Src/stm32h7xx_hal_pcd.o
                0x080016ba                HAL_PCD_Init
 .text.HAL_PCD_Start
                0x080018d2       0x6a ./Drivers/STM32H7xx_HAL_Driver/Src/stm32h7xx_hal_pcd.o
                0x080018d2                HAL_PCD_Start
 .text.HAL_PCD_IRQHandler
                0x0800193c      0x9d0 ./Drivers/STM32H7xx_HAL_Driver/Src/stm32h7xx_hal_pcd.o
                0x0800193c                HAL_PCD_IRQHandler
 .text.HAL_PCD_SetAddress
                0x0800230c       0x48 ./Drivers/STM32H7xx_HAL_Driver/Src/stm32h7xx_hal_pcd.o
                0x0800230c                HAL_PCD_SetAddress
 .text.HAL_PCD_EP_Open
                0x08002354       0xd4 ./Drivers/STM32H7xx_HAL_Driver/Src/stm32h7xx_hal_pcd.o
                0x08002354                HAL_PCD_EP_Open
 .text.HAL_PCD_EP_Close
                0x08002428       0x94 ./Drivers/STM32H7xx_HAL_Driver/Src/stm32h7xx_hal_pcd.o
                0x08002428                HAL_PCD_EP_Close
 .text.HAL_PCD_EP_Receive
                0x080024bc       0x76 ./Drivers/STM32H7xx_HAL_Driver/Src/stm32h7xx_hal_pcd.o
                0x080024bc                HAL_PCD_EP_Receive
 .text.HAL_PCD_EP_GetRxCount
                0x08002532       0x30 ./Drivers/STM32H7xx_HAL_Driver/Src/stm32h7xx_hal_pcd.o
                0x08002532                HAL_PCD_EP_GetRxCount
 .text.HAL_PCD_EP_Transmit
                0x08002562       0x74 ./Drivers/STM32H7xx_HAL_Driver/Src/stm32h7xx_hal_pcd.o
                0x08002562                HAL_PCD_EP_Transmit
 .text.HAL_PCD_EP_SetStall
                0x080025d6       0xc6 ./Drivers/STM32H7xx_HAL_Driver/Src/stm32h7xx_hal_pcd.o
                0x080025d6                HAL_PCD_EP_SetStall
 .text.HAL_PCD_EP_ClrStall
                0x0800269c       0xac ./Drivers/STM32H7xx_HAL_Driver/Src/stm32h7xx_hal_pcd.o
                0x0800269c                HAL_PCD_EP_ClrStall
 .text.HAL_PCD_EP_Abort
                0x08002748       0x62 ./Drivers/STM32H7xx_HAL_Driver/Src/stm32h7xx_hal_pcd.o
                0x08002748                HAL_PCD_EP_Abort
 .text.PCD_WriteEmptyTxFifo
                0x080027aa      0x118 ./Drivers/STM32H7xx_HAL_Driver/Src/stm32h7xx_hal_pcd.o
 *fill*         0x080028c2        0x2 
 .text.PCD_EP_OutXfrComplete_int
                0x080028c4      0x1d0 ./Drivers/STM32H7xx_HAL_Driver/Src/stm32h7xx_hal_pcd.o
 .text.PCD_EP_OutSetupPacket_int
                0x08002a94       0x8c ./Drivers/STM32H7xx_HAL_Driver/Src/stm32h7xx_hal_pcd.o
 .text.HAL_PCDEx_SetTxFiFo
                0x08002b20       0x8e ./Drivers/STM32H7xx_HAL_Driver/Src/stm32h7xx_hal_pcd_ex.o
                0x08002b20                HAL_PCDEx_SetTxFiFo
 .text.HAL_PCDEx_SetRxFiFo
                0x08002bae       0x22 ./Drivers/STM32H7xx_HAL_Driver/Src/stm32h7xx_hal_pcd_ex.o
                0x08002bae                HAL_PCDEx_SetRxFiFo
 .text.HAL_PCDEx_ActivateLPM
                0x08002bd0       0x48 ./Drivers/STM32H7xx_HAL_Driver/Src/stm32h7xx_hal_pcd_ex.o
                0x08002bd0                HAL_PCDEx_ActivateLPM
 .text.HAL_PCDEx_LPM_Callback
                0x08002c18       0x18 ./Drivers/STM32H7xx_HAL_Driver/Src/stm32h7xx_hal_pcd_ex.o
                0x08002c18                HAL_PCDEx_LPM_Callback
 .text.HAL_PWREx_ConfigSupply
                0x08002c30       0x74 ./Drivers/STM32H7xx_HAL_Driver/Src/stm32h7xx_hal_pwr_ex.o
                0x08002c30                HAL_PWREx_ConfigSupply
 .text.HAL_PWREx_EnableUSBVoltageDetector
                0x08002ca4       0x20 ./Drivers/STM32H7xx_HAL_Driver/Src/stm32h7xx_hal_pwr_ex.o
                0x08002ca4                HAL_PWREx_EnableUSBVoltageDetector
 .text.HAL_RCC_OscConfig
                0x08002cc4      0x8b4 ./Drivers/STM32H7xx_HAL_Driver/Src/stm32h7xx_hal_rcc.o
                0x08002cc4                HAL_RCC_OscConfig
 .text.HAL_RCC_ClockConfig
                0x08003578      0x36c ./Drivers/STM32H7xx_HAL_Driver/Src/stm32h7xx_hal_rcc.o
                0x08003578                HAL_RCC_ClockConfig
 .text.HAL_RCC_GetSysClockFreq
                0x080038e4      0x2f4 ./Drivers/STM32H7xx_HAL_Driver/Src/stm32h7xx_hal_rcc.o
                0x080038e4                HAL_RCC_GetSysClockFreq
 .text.HAL_RCC_GetHCLKFreq
                0x08003bd8       0x60 ./Drivers/STM32H7xx_HAL_Driver/Src/stm32h7xx_hal_rcc.o
                0x08003bd8                HAL_RCC_GetHCLKFreq
 .text.HAL_RCCEx_PeriphCLKConfig
                0x08003c38     0x1414 ./Drivers/STM32H7xx_HAL_Driver/Src/stm32h7xx_hal_rcc_ex.o
                0x08003c38                HAL_RCCEx_PeriphCLKConfig
 .text.RCCEx_PLL2_Config
                0x0800504c      0x164 ./Drivers/STM32H7xx_HAL_Driver/Src/stm32h7xx_hal_rcc_ex.o
 .text.RCCEx_PLL3_Config
                0x080051b0      0x164 ./Drivers/STM32H7xx_HAL_Driver/Src/stm32h7xx_hal_rcc_ex.o
 .text.HAL_SPI_Init
                0x08005314      0x248 ./Drivers/STM32H7xx_HAL_Driver/Src/stm32h7xx_hal_spi.o
                0x08005314                HAL_SPI_Init
 .text.HAL_SPI_Transmit
                0x0800555c      0x3dc ./Drivers/STM32H7xx_HAL_Driver/Src/stm32h7xx_hal_spi.o
                0x0800555c                HAL_SPI_Transmit
 .text.HAL_SPI_TransmitReceive
                0x08005938      0x674 ./Drivers/STM32H7xx_HAL_Driver/Src/stm32h7xx_hal_spi.o
                0x08005938                HAL_SPI_TransmitReceive
 .text.SPI_CloseTransfer
                0x08005fac      0x140 ./Drivers/STM32H7xx_HAL_Driver/Src/stm32h7xx_hal_spi.o
 .text.SPI_WaitOnFlagUntilTimeout
                0x080060ec       0x5c ./Drivers/STM32H7xx_HAL_Driver/Src/stm32h7xx_hal_spi.o
 .text.SPI_GetPacketSize
                0x08006148       0x36 ./Drivers/STM32H7xx_HAL_Driver/Src/stm32h7xx_hal_spi.o
 *fill*         0x0800617e        0x2 
 .text.USB_CoreInit
                0x08006180       0xf0 ./Drivers/STM32H7xx_HAL_Driver/Src/stm32h7xx_ll_usb.o
                0x08006180                USB_CoreInit
 .text.USB_SetTurnaroundTime
                0x08006270      0x144 ./Drivers/STM32H7xx_HAL_Driver/Src/stm32h7xx_ll_usb.o
                0x08006270                USB_SetTurnaroundTime
 .text.USB_EnableGlobalInt
                0x080063b4       0x22 ./Drivers/STM32H7xx_HAL_Driver/Src/stm32h7xx_ll_usb.o
                0x080063b4                USB_EnableGlobalInt
 .text.USB_DisableGlobalInt
                0x080063d6       0x22 ./Drivers/STM32H7xx_HAL_Driver/Src/stm32h7xx_ll_usb.o
                0x080063d6                USB_DisableGlobalInt
 .text.USB_SetCurrentMode
                0x080063f8       0x98 ./Drivers/STM32H7xx_HAL_Driver/Src/stm32h7xx_ll_usb.o
                0x080063f8                USB_SetCurrentMode
 .text.USB_DevInit
                0x08006490      0x2bc ./Drivers/STM32H7xx_HAL_Driver/Src/stm32h7xx_ll_usb.o
                0x08006490                USB_DevInit
 .text.USB_FlushTxFifo
                0x0800674c       0x64 ./Drivers/STM32H7xx_HAL_Driver/Src/stm32h7xx_ll_usb.o
                0x0800674c                USB_FlushTxFifo
 .text.USB_FlushRxFifo
                0x080067b0       0x5c ./Drivers/STM32H7xx_HAL_Driver/Src/stm32h7xx_ll_usb.o
                0x080067b0                USB_FlushRxFifo
 .text.USB_SetDevSpeed
                0x0800680c       0x32 ./Drivers/STM32H7xx_HAL_Driver/Src/stm32h7xx_ll_usb.o
                0x0800680c                USB_SetDevSpeed
 .text.USB_GetDevSpeed
                0x0800683e       0x4a ./Drivers/STM32H7xx_HAL_Driver/Src/stm32h7xx_ll_usb.o
                0x0800683e                USB_GetDevSpeed
 .text.USB_ActivateEndpoint
                0x08006888      0x110 ./Drivers/STM32H7xx_HAL_Driver/Src/stm32h7xx_ll_usb.o
                0x08006888                USB_ActivateEndpoint
 .text.USB_DeactivateEndpoint
                0x08006998      0x1b8 ./Drivers/STM32H7xx_HAL_Driver/Src/stm32h7xx_ll_usb.o
                0x08006998                USB_DeactivateEndpoint
 .text.USB_EPStartXfer
                0x08006b50      0x548 ./Drivers/STM32H7xx_HAL_Driver/Src/stm32h7xx_ll_usb.o
                0x08006b50                USB_EPStartXfer
 .text.USB_EPStopXfer
                0x08007098      0x1fa ./Drivers/STM32H7xx_HAL_Driver/Src/stm32h7xx_ll_usb.o
                0x08007098                USB_EPStopXfer
 .text.USB_EPSetStall
                0x08007292       0xdc ./Drivers/STM32H7xx_HAL_Driver/Src/stm32h7xx_ll_usb.o
                0x08007292                USB_EPSetStall
 .text.USB_EPClearStall
                0x0800736e       0xcc ./Drivers/STM32H7xx_HAL_Driver/Src/stm32h7xx_ll_usb.o
                0x0800736e                USB_EPClearStall
 .text.USB_WritePacket
                0x0800743a       0x7c ./Drivers/STM32H7xx_HAL_Driver/Src/stm32h7xx_ll_usb.o
                0x0800743a                USB_WritePacket
 .text.USB_ReadPacket
                0x080074b6       0xb0 ./Drivers/STM32H7xx_HAL_Driver/Src/stm32h7xx_ll_usb.o
                0x080074b6                USB_ReadPacket
 .text.USB_SetDevAddress
                0x08007566       0x4c ./Drivers/STM32H7xx_HAL_Driver/Src/stm32h7xx_ll_usb.o
                0x08007566                USB_SetDevAddress
 .text.USB_DevConnect
                0x080075b2       0x42 ./Drivers/STM32H7xx_HAL_Driver/Src/stm32h7xx_ll_usb.o
                0x080075b2                USB_DevConnect
 .text.USB_DevDisconnect
                0x080075f4       0x42 ./Drivers/STM32H7xx_HAL_Driver/Src/stm32h7xx_ll_usb.o
                0x080075f4                USB_DevDisconnect
 .text.USB_ReadInterrupts
                0x08007636       0x26 ./Drivers/STM32H7xx_HAL_Driver/Src/stm32h7xx_ll_usb.o
                0x08007636                USB_ReadInterrupts
 .text.USB_ReadDevAllOutEpInterrupt
                0x0800765c       0x34 ./Drivers/STM32H7xx_HAL_Driver/Src/stm32h7xx_ll_usb.o
                0x0800765c                USB_ReadDevAllOutEpInterrupt
 .text.USB_ReadDevAllInEpInterrupt
                0x08007690       0x34 ./Drivers/STM32H7xx_HAL_Driver/Src/stm32h7xx_ll_usb.o
                0x08007690                USB_ReadDevAllInEpInterrupt
 .text.USB_ReadDevOutEPInterrupt
                0x080076c4       0x3c ./Drivers/STM32H7xx_HAL_Driver/Src/stm32h7xx_ll_usb.o
                0x080076c4                USB_ReadDevOutEPInterrupt
 .text.USB_ReadDevInEPInterrupt
                0x08007700       0x5c ./Drivers/STM32H7xx_HAL_Driver/Src/stm32h7xx_ll_usb.o
                0x08007700                USB_ReadDevInEPInterrupt
 .text.USB_GetMode
                0x0800775c       0x1c ./Drivers/STM32H7xx_HAL_Driver/Src/stm32h7xx_ll_usb.o
                0x0800775c                USB_GetMode
 .text.USB_ActivateSetup
                0x08007778       0x48 ./Drivers/STM32H7xx_HAL_Driver/Src/stm32h7xx_ll_usb.o
                0x08007778                USB_ActivateSetup
 .text.USB_EP0_OutStart
                0x080077c0       0xbc ./Drivers/STM32H7xx_HAL_Driver/Src/stm32h7xx_ll_usb.o
                0x080077c0                USB_EP0_OutStart
 .text.USB_CoreReset
                0x0800787c       0x70 ./Drivers/STM32H7xx_HAL_Driver/Src/stm32h7xx_ll_usb.o
 .text.USBD_CDC_Init
                0x080078ec      0x1f0 ./Middlewares/ST/STM32_USB_Device_Library/Class/CDC/Src/usbd_cdc.o
 .text.USBD_CDC_DeInit
                0x08007adc      0x104 ./Middlewares/ST/STM32_USB_Device_Library/Class/CDC/Src/usbd_cdc.o
 .text.USBD_CDC_Setup
                0x08007be0      0x1b8 ./Middlewares/ST/STM32_USB_Device_Library/Class/CDC/Src/usbd_cdc.o
 .text.USBD_CDC_DataIn
                0x08007d98       0xfe ./Middlewares/ST/STM32_USB_Device_Library/Class/CDC/Src/usbd_cdc.o
 .text.USBD_CDC_DataOut
                0x08007e96       0x70 ./Middlewares/ST/STM32_USB_Device_Library/Class/CDC/Src/usbd_cdc.o
 .text.USBD_CDC_EP0_RxReady
                0x08007f06       0x74 ./Middlewares/ST/STM32_USB_Device_Library/Class/CDC/Src/usbd_cdc.o
 *fill*         0x08007f7a        0x2 
 .text.USBD_CDC_GetFSCfgDesc
                0x08007f7c       0x70 ./Middlewares/ST/STM32_USB_Device_Library/Class/CDC/Src/usbd_cdc.o
 .text.USBD_CDC_GetHSCfgDesc
                0x08007fec       0x70 ./Middlewares/ST/STM32_USB_Device_Library/Class/CDC/Src/usbd_cdc.o
 .text.USBD_CDC_GetOtherSpeedCfgDesc
                0x0800805c       0x70 ./Middlewares/ST/STM32_USB_Device_Library/Class/CDC/Src/usbd_cdc.o
 .text.USBD_CDC_GetDeviceQualifierDescriptor
                0x080080cc       0x20 ./Middlewares/ST/STM32_USB_Device_Library/Class/CDC/Src/usbd_cdc.o
                0x080080cc                USBD_CDC_GetDeviceQualifierDescriptor
 .text.USBD_CDC_RegisterInterface
                0x080080ec       0x34 ./Middlewares/ST/STM32_USB_Device_Library/Class/CDC/Src/usbd_cdc.o
                0x080080ec                USBD_CDC_RegisterInterface
 .text.USBD_CDC_SetTxBuffer
                0x08008120       0x44 ./Middlewares/ST/STM32_USB_Device_Library/Class/CDC/Src/usbd_cdc.o
                0x08008120                USBD_CDC_SetTxBuffer
 .text.USBD_CDC_SetRxBuffer
                0x08008164       0x3a ./Middlewares/ST/STM32_USB_Device_Library/Class/CDC/Src/usbd_cdc.o
                0x08008164                USBD_CDC_SetRxBuffer
 *fill*         0x0800819e        0x2 
 .text.USBD_CDC_TransmitPacket
                0x080081a0       0x80 ./Middlewares/ST/STM32_USB_Device_Library/Class/CDC/Src/usbd_cdc.o
                0x080081a0                USBD_CDC_TransmitPacket
 .text.USBD_CDC_ReceivePacket
                0x08008220       0x6c ./Middlewares/ST/STM32_USB_Device_Library/Class/CDC/Src/usbd_cdc.o
                0x08008220                USBD_CDC_ReceivePacket
 .text.USBD_Init
                0x0800828c       0x60 ./Middlewares/ST/STM32_USB_Device_Library/Core/Src/usbd_core.o
                0x0800828c                USBD_Init
 .text.USBD_RegisterClass
                0x080082ec       0x6c ./Middlewares/ST/STM32_USB_Device_Library/Core/Src/usbd_core.o
                0x080082ec                USBD_RegisterClass
 .text.USBD_Start
                0x08008358       0x18 ./Middlewares/ST/STM32_USB_Device_Library/Core/Src/usbd_core.o
                0x08008358                USBD_Start
 .text.USBD_RunTestMode
                0x08008370       0x16 ./Middlewares/ST/STM32_USB_Device_Library/Core/Src/usbd_core.o
                0x08008370                USBD_RunTestMode
 .text.USBD_SetClassConfig
                0x08008386       0x38 ./Middlewares/ST/STM32_USB_Device_Library/Core/Src/usbd_core.o
                0x08008386                USBD_SetClassConfig
 .text.USBD_ClrClassConfig
                0x080083be       0x34 ./Middlewares/ST/STM32_USB_Device_Library/Core/Src/usbd_core.o
                0x080083be                USBD_ClrClassConfig
 .text.USBD_LL_SetupStage
                0x080083f2       0xaa ./Middlewares/ST/STM32_USB_Device_Library/Core/Src/usbd_core.o
                0x080083f2                USBD_LL_SetupStage
 .text.USBD_LL_DataOutStage
                0x0800849c      0x178 ./Middlewares/ST/STM32_USB_Device_Library/Core/Src/usbd_core.o
                0x0800849c                USBD_LL_DataOutStage
 .text.USBD_LL_DataInStage
                0x08008614      0x176 ./Middlewares/ST/STM32_USB_Device_Library/Core/Src/usbd_core.o
                0x08008614                USBD_LL_DataInStage
 .text.USBD_LL_Reset
                0x0800878a       0xa6 ./Middlewares/ST/STM32_USB_Device_Library/Core/Src/usbd_core.o
                0x0800878a                USBD_LL_Reset
 .text.USBD_LL_SetSpeed
                0x08008830       0x20 ./Middlewares/ST/STM32_USB_Device_Library/Core/Src/usbd_core.o
                0x08008830                USBD_LL_SetSpeed
 .text.USBD_LL_Suspend
                0x08008850       0x38 ./Middlewares/ST/STM32_USB_Device_Library/Core/Src/usbd_core.o
                0x08008850                USBD_LL_Suspend
 .text.USBD_LL_Resume
                0x08008888       0x30 ./Middlewares/ST/STM32_USB_Device_Library/Core/Src/usbd_core.o
                0x08008888                USBD_LL_Resume
 .text.USBD_LL_SOF
                0x080088b8       0x40 ./Middlewares/ST/STM32_USB_Device_Library/Core/Src/usbd_core.o
                0x080088b8                USBD_LL_SOF
 .text.USBD_LL_IsoINIncomplete
                0x080088f8       0x64 ./Middlewares/ST/STM32_USB_Device_Library/Core/Src/usbd_core.o
                0x080088f8                USBD_LL_IsoINIncomplete
 .text.USBD_LL_IsoOUTIncomplete
                0x0800895c       0x64 ./Middlewares/ST/STM32_USB_Device_Library/Core/Src/usbd_core.o
                0x0800895c                USBD_LL_IsoOUTIncomplete
 .text.USBD_LL_DevConnected
                0x080089c0       0x16 ./Middlewares/ST/STM32_USB_Device_Library/Core/Src/usbd_core.o
                0x080089c0                USBD_LL_DevConnected
 .text.USBD_LL_DevDisconnected
                0x080089d6       0x46 ./Middlewares/ST/STM32_USB_Device_Library/Core/Src/usbd_core.o
                0x080089d6                USBD_LL_DevDisconnected
 .text.USBD_CoreFindIF
                0x08008a1c       0x1a ./Middlewares/ST/STM32_USB_Device_Library/Core/Src/usbd_core.o
                0x08008a1c                USBD_CoreFindIF
 .text.USBD_CoreFindEP
                0x08008a36       0x1a ./Middlewares/ST/STM32_USB_Device_Library/Core/Src/usbd_core.o
                0x08008a36                USBD_CoreFindEP
 .text.USBD_GetEpDesc
                0x08008a50       0x70 ./Middlewares/ST/STM32_USB_Device_Library/Core/Src/usbd_core.o
                0x08008a50                USBD_GetEpDesc
 .text.USBD_GetNextDesc
                0x08008ac0       0x38 ./Middlewares/ST/STM32_USB_Device_Library/Core/Src/usbd_core.o
                0x08008ac0                USBD_GetNextDesc
 .text.SWAPBYTE
                0x08008af8       0x3e ./Middlewares/ST/STM32_USB_Device_Library/Core/Src/usbd_ctlreq.o
 *fill*         0x08008b36        0x2 
 .text.USBD_StdDevReq
                0x08008b38       0xe4 ./Middlewares/ST/STM32_USB_Device_Library/Core/Src/usbd_ctlreq.o
                0x08008b38                USBD_StdDevReq
 .text.USBD_StdItfReq
                0x08008c1c       0xd8 ./Middlewares/ST/STM32_USB_Device_Library/Core/Src/usbd_ctlreq.o
                0x08008c1c                USBD_StdItfReq
 .text.USBD_StdEPReq
                0x08008cf4      0x33e ./Middlewares/ST/STM32_USB_Device_Library/Core/Src/usbd_ctlreq.o
                0x08008cf4                USBD_StdEPReq
 *fill*         0x08009032        0x2 
 .text.USBD_GetDescriptor
                0x08009034      0x328 ./Middlewares/ST/STM32_USB_Device_Library/Core/Src/usbd_ctlreq.o
 .text.USBD_SetAddress
                0x0800935c       0x88 ./Middlewares/ST/STM32_USB_Device_Library/Core/Src/usbd_ctlreq.o
 .text.USBD_SetConfig
                0x080093e4      0x154 ./Middlewares/ST/STM32_USB_Device_Library/Core/Src/usbd_ctlreq.o
 .text.USBD_GetConfig
                0x08009538       0x6c ./Middlewares/ST/STM32_USB_Device_Library/Core/Src/usbd_ctlreq.o
 .text.USBD_GetStatus
                0x080095a4       0x68 ./Middlewares/ST/STM32_USB_Device_Library/Core/Src/usbd_ctlreq.o
 .text.USBD_SetFeature
                0x0800960c       0x52 ./Middlewares/ST/STM32_USB_Device_Library/Core/Src/usbd_ctlreq.o
 .text.USBD_ClrFeature
                0x0800965e       0x44 ./Middlewares/ST/STM32_USB_Device_Library/Core/Src/usbd_ctlreq.o
 .text.USBD_ParseSetupRequest
                0x080096a2       0x74 ./Middlewares/ST/STM32_USB_Device_Library/Core/Src/usbd_ctlreq.o
                0x080096a2                USBD_ParseSetupRequest
 .text.USBD_CtlError
                0x08009716       0x22 ./Middlewares/ST/STM32_USB_Device_Library/Core/Src/usbd_ctlreq.o
                0x08009716                USBD_CtlError
 .text.USBD_GetString
                0x08009738       0xa4 ./Middlewares/ST/STM32_USB_Device_Library/Core/Src/usbd_ctlreq.o
                0x08009738                USBD_GetString
 .text.USBD_GetLen
                0x080097dc       0x34 ./Middlewares/ST/STM32_USB_Device_Library/Core/Src/usbd_ctlreq.o
 .text.USBD_CtlSendData
                0x08009810       0x3c ./Middlewares/ST/STM32_USB_Device_Library/Core/Src/usbd_ioreq.o
                0x08009810                USBD_CtlSendData
 .text.USBD_CtlContinueSendData
                0x0800984c       0x22 ./Middlewares/ST/STM32_USB_Device_Library/Core/Src/usbd_ioreq.o
                0x0800984c                USBD_CtlContinueSendData
 .text.USBD_CtlPrepareRx
                0x0800986e       0x42 ./Middlewares/ST/STM32_USB_Device_Library/Core/Src/usbd_ioreq.o
                0x0800986e                USBD_CtlPrepareRx
 .text.USBD_CtlContinueRx
                0x080098b0       0x22 ./Middlewares/ST/STM32_USB_Device_Library/Core/Src/usbd_ioreq.o
                0x080098b0                USBD_CtlContinueRx
 .text.USBD_CtlSendStatus
                0x080098d2       0x26 ./Middlewares/ST/STM32_USB_Device_Library/Core/Src/usbd_ioreq.o
                0x080098d2                USBD_CtlSendStatus
 .text.USBD_CtlReceiveStatus
                0x080098f8       0x26 ./Middlewares/ST/STM32_USB_Device_Library/Core/Src/usbd_ioreq.o
                0x080098f8                USBD_CtlReceiveStatus
 *fill*         0x0800991e        0x2 
 .text.MX_USB_DEVICE_Init
                0x08009920       0x64 ./USB_DEVICE/App/usb_device.o
                0x08009920                MX_USB_DEVICE_Init
 .text.CDC_Init_FS
                0x08009984       0x28 ./USB_DEVICE/App/usbd_cdc_if.o
 .text.CDC_DeInit_FS
                0x080099ac       0x10 ./USB_DEVICE/App/usbd_cdc_if.o
 .text.CDC_Control_FS
                0x080099bc       0xbc ./USB_DEVICE/App/usbd_cdc_if.o
 .text.CDC_Receive_FS
                0x08009a78       0x28 ./USB_DEVICE/App/usbd_cdc_if.o
 .text.CDC_Transmit_FS
                0x08009aa0       0x4c ./USB_DEVICE/App/usbd_cdc_if.o
                0x08009aa0                CDC_Transmit_FS
 .text.CDC_TransmitCplt_FS
                0x08009aec       0x22 ./USB_DEVICE/App/usbd_cdc_if.o
 *fill*         0x08009b0e        0x2 
 .text.USBD_FS_DeviceDescriptor
                0x08009b10       0x24 ./USB_DEVICE/App/usbd_desc.o
                0x08009b10                USBD_FS_DeviceDescriptor
 .text.USBD_FS_LangIDStrDescriptor
                0x08009b34       0x24 ./USB_DEVICE/App/usbd_desc.o
                0x08009b34                USBD_FS_LangIDStrDescriptor
 .text.USBD_FS_ProductStrDescriptor
                0x08009b58       0x3c ./USB_DEVICE/App/usbd_desc.o
                0x08009b58                USBD_FS_ProductStrDescriptor
 .text.USBD_FS_ManufacturerStrDescriptor
                0x08009b94       0x28 ./USB_DEVICE/App/usbd_desc.o
                0x08009b94                USBD_FS_ManufacturerStrDescriptor
 .text.USBD_FS_SerialStrDescriptor
                0x08009bbc       0x24 ./USB_DEVICE/App/usbd_desc.o
                0x08009bbc                USBD_FS_SerialStrDescriptor
 .text.USBD_FS_ConfigStrDescriptor
                0x08009be0       0x3c ./USB_DEVICE/App/usbd_desc.o
                0x08009be0                USBD_FS_ConfigStrDescriptor
 .text.USBD_FS_InterfaceStrDescriptor
                0x08009c1c       0x3c ./USB_DEVICE/App/usbd_desc.o
                0x08009c1c                USBD_FS_InterfaceStrDescriptor
 .text.Get_SerialNum
                0x08009c58       0x58 ./USB_DEVICE/App/usbd_desc.o
 .text.IntToUnicode
                0x08009cb0       0x7e ./USB_DEVICE/App/usbd_desc.o
 *fill*         0x08009d2e        0x2 
 .text.HAL_PCD_MspInit
                0x08009d30       0xa8 ./USB_DEVICE/Target/usbd_conf.o
                0x08009d30                HAL_PCD_MspInit
 .text.HAL_PCD_SetupStageCallback
                0x08009dd8       0x24 ./USB_DEVICE/Target/usbd_conf.o
                0x08009dd8                HAL_PCD_SetupStageCallback
 .text.HAL_PCD_DataOutStageCallback
                0x08009dfc       0x36 ./USB_DEVICE/Target/usbd_conf.o
                0x08009dfc                HAL_PCD_DataOutStageCallback
 .text.HAL_PCD_DataInStageCallback
                0x08009e32       0x34 ./USB_DEVICE/Target/usbd_conf.o
                0x08009e32                HAL_PCD_DataInStageCallback
 .text.HAL_PCD_SOFCallback
                0x08009e66       0x1c ./USB_DEVICE/Target/usbd_conf.o
                0x08009e66                HAL_PCD_SOFCallback
 .text.HAL_PCD_ResetCallback
                0x08009e82       0x50 ./USB_DEVICE/Target/usbd_conf.o
                0x08009e82                HAL_PCD_ResetCallback
 *fill*         0x08009ed2        0x2 
 .text.HAL_PCD_SuspendCallback
                0x08009ed4       0x4c ./USB_DEVICE/Target/usbd_conf.o
                0x08009ed4                HAL_PCD_SuspendCallback
 .text.HAL_PCD_ResumeCallback
                0x08009f20       0x1c ./USB_DEVICE/Target/usbd_conf.o
                0x08009f20                HAL_PCD_ResumeCallback
 .text.HAL_PCD_ISOOUTIncompleteCallback
                0x08009f3c       0x24 ./USB_DEVICE/Target/usbd_conf.o
                0x08009f3c                HAL_PCD_ISOOUTIncompleteCallback
 .text.HAL_PCD_ISOINIncompleteCallback
                0x08009f60       0x24 ./USB_DEVICE/Target/usbd_conf.o
                0x08009f60                HAL_PCD_ISOINIncompleteCallback
 .text.HAL_PCD_ConnectCallback
                0x08009f84       0x1c ./USB_DEVICE/Target/usbd_conf.o
                0x08009f84                HAL_PCD_ConnectCallback
 .text.HAL_PCD_DisconnectCallback
                0x08009fa0       0x1c ./USB_DEVICE/Target/usbd_conf.o
                0x08009fa0                HAL_PCD_DisconnectCallback
 .text.USBD_LL_Init
                0x08009fbc       0xa0 ./USB_DEVICE/Target/usbd_conf.o
                0x08009fbc                USBD_LL_Init
 .text.USBD_LL_Start
                0x0800a05c       0x36 ./USB_DEVICE/Target/usbd_conf.o
                0x0800a05c                USBD_LL_Start
 .text.USBD_LL_OpenEP
                0x0800a092       0x4c ./USB_DEVICE/Target/usbd_conf.o
                0x0800a092                USBD_LL_OpenEP
 .text.USBD_LL_CloseEP
                0x0800a0de       0x3e ./USB_DEVICE/Target/usbd_conf.o
                0x0800a0de                USBD_LL_CloseEP
 .text.USBD_LL_StallEP
                0x0800a11c       0x3e ./USB_DEVICE/Target/usbd_conf.o
                0x0800a11c                USBD_LL_StallEP
 .text.USBD_LL_ClearStallEP
                0x0800a15a       0x3e ./USB_DEVICE/Target/usbd_conf.o
                0x0800a15a                USBD_LL_ClearStallEP
 .text.USBD_LL_IsStallEP
                0x0800a198       0x58 ./USB_DEVICE/Target/usbd_conf.o
                0x0800a198                USBD_LL_IsStallEP
 .text.USBD_LL_SetUSBAddress
                0x0800a1f0       0x3e ./USB_DEVICE/Target/usbd_conf.o
                0x0800a1f0                USBD_LL_SetUSBAddress
 .text.USBD_LL_Transmit
                0x0800a22e       0x42 ./USB_DEVICE/Target/usbd_conf.o
                0x0800a22e                USBD_LL_Transmit
 .text.USBD_LL_PrepareReceive
                0x0800a270       0x42 ./USB_DEVICE/Target/usbd_conf.o
                0x0800a270                USBD_LL_PrepareReceive
 .text.USBD_LL_GetRxDataSize
                0x0800a2b2       0x26 ./USB_DEVICE/Target/usbd_conf.o
                0x0800a2b2                USBD_LL_GetRxDataSize
 .text.USBD_static_malloc
                0x0800a2d8       0x1c ./USB_DEVICE/Target/usbd_conf.o
                0x0800a2d8                USBD_static_malloc
 .text.USBD_static_free
                0x0800a2f4       0x14 ./USB_DEVICE/Target/usbd_conf.o
                0x0800a2f4                USBD_static_free
 .text.USBD_Get_USB_Status
                0x0800a308       0x58 ./USB_DEVICE/Target/usbd_conf.o
                0x0800a308                USBD_Get_USB_Status
 .text.std      0x0800a360       0x6c /Applications/STM32CubeIDE.app/Contents/Eclipse/plugins/com.st.stm32cube.ide.mcu.externaltools.gnu-tools-for-stm32.14.3.rel1.macosaarch64_1.0.0.202602081740/tools/bin/../lib/gcc/arm-none-eabi/14.3.1/../../../../arm-none-eabi/lib/thumb/v7e-m+dp/hard/libc_nano.a(libc_a-findfp.o)
 .text.stdio_exit_handler
                0x0800a3cc       0x18 /Applications/STM32CubeIDE.app/Contents/Eclipse/plugins/com.st.stm32cube.ide.mcu.externaltools.gnu-tools-for-stm32.14.3.rel1.macosaarch64_1.0.0.202602081740/tools/bin/../lib/gcc/arm-none-eabi/14.3.1/../../../../arm-none-eabi/lib/thumb/v7e-m+dp/hard/libc_nano.a(libc_a-findfp.o)
 .text.cleanup_stdio
                0x0800a3e4       0x40 /Applications/STM32CubeIDE.app/Contents/Eclipse/plugins/com.st.stm32cube.ide.mcu.externaltools.gnu-tools-for-stm32.14.3.rel1.macosaarch64_1.0.0.202602081740/tools/bin/../lib/gcc/arm-none-eabi/14.3.1/../../../../arm-none-eabi/lib/thumb/v7e-m+dp/hard/libc_nano.a(libc_a-findfp.o)
 .text.global_stdio_init.part.0
                0x0800a424       0x40 /Applications/STM32CubeIDE.app/Contents/Eclipse/plugins/com.st.stm32cube.ide.mcu.externaltools.gnu-tools-for-stm32.14.3.rel1.macosaarch64_1.0.0.202602081740/tools/bin/../lib/gcc/arm-none-eabi/14.3.1/../../../../arm-none-eabi/lib/thumb/v7e-m+dp/hard/libc_nano.a(libc_a-findfp.o)
 .text.__sfp_lock_acquire
                0x0800a464        0xc /Applications/STM32CubeIDE.app/Contents/Eclipse/plugins/com.st.stm32cube.ide.mcu.externaltools.gnu-tools-for-stm32.14.3.rel1.macosaarch64_1.0.0.202602081740/tools/bin/../lib/gcc/arm-none-eabi/14.3.1/../../../../arm-none-eabi/lib/thumb/v7e-m+dp/hard/libc_nano.a(libc_a-findfp.o)
                0x0800a464                __sfp_lock_acquire
 .text.__sfp_lock_release
                0x0800a470        0xc /Applications/STM32CubeIDE.app/Contents/Eclipse/plugins/com.st.stm32cube.ide.mcu.externaltools.gnu-tools-for-stm32.14.3.rel1.macosaarch64_1.0.0.202602081740/tools/bin/../lib/gcc/arm-none-eabi/14.3.1/../../../../arm-none-eabi/lib/thumb/v7e-m+dp/hard/libc_nano.a(libc_a-findfp.o)
                0x0800a470                __sfp_lock_release
 .text.__sinit  0x0800a47c       0x30 /Applications/STM32CubeIDE.app/Contents/Eclipse/plugins/com.st.stm32cube.ide.mcu.externaltools.gnu-tools-for-stm32.14.3.rel1.macosaarch64_1.0.0.202602081740/tools/bin/../lib/gcc/arm-none-eabi/14.3.1/../../../../arm-none-eabi/lib/thumb/v7e-m+dp/hard/libc_nano.a(libc_a-findfp.o)
                0x0800a47c                __sinit
 .text._fwalk_sglue
                0x0800a4ac       0x3c /Applications/STM32CubeIDE.app/Contents/Eclipse/plugins/com.st.stm32cube.ide.mcu.externaltools.gnu-tools-for-stm32.14.3.rel1.macosaarch64_1.0.0.202602081740/tools/bin/../lib/gcc/arm-none-eabi/14.3.1/../../../../arm-none-eabi/lib/thumb/v7e-m+dp/hard/libc_nano.a(libc_a-fwalk.o)
                0x0800a4ac                _fwalk_sglue
 .text.printf   0x0800a4e8       0x24 /Applications/STM32CubeIDE.app/Contents/Eclipse/plugins/com.st.stm32cube.ide.mcu.externaltools.gnu-tools-for-stm32.14.3.rel1.macosaarch64_1.0.0.202602081740/tools/bin/../lib/gcc/arm-none-eabi/14.3.1/../../../../arm-none-eabi/lib/thumb/v7e-m+dp/hard/libc_nano.a(libc_a-printf.o)
                0x0800a4e8                printf
                0x0800a4e8                iprintf
 .text._puts_r  0x0800a50c       0xaa /Applications/STM32CubeIDE.app/Contents/Eclipse/plugins/com.st.stm32cube.ide.mcu.externaltools.gnu-tools-for-stm32.14.3.rel1.macosaarch64_1.0.0.202602081740/tools/bin/../lib/gcc/arm-none-eabi/14.3.1/../../../../arm-none-eabi/lib/thumb/v7e-m+dp/hard/libc_nano.a(libc_a-puts.o)
                0x0800a50c                _puts_r
 *fill*         0x0800a5b6        0x2 
 .text.puts     0x0800a5b8       0x10 /Applications/STM32CubeIDE.app/Contents/Eclipse/plugins/com.st.stm32cube.ide.mcu.externaltools.gnu-tools-for-stm32.14.3.rel1.macosaarch64_1.0.0.202602081740/tools/bin/../lib/gcc/arm-none-eabi/14.3.1/../../../../arm-none-eabi/lib/thumb/v7e-m+dp/hard/libc_nano.a(libc_a-puts.o)
                0x0800a5b8                puts
 .text.memset   0x0800a5c8       0x10 /Applications/STM32CubeIDE.app/Contents/Eclipse/plugins/com.st.stm32cube.ide.mcu.externaltools.gnu-tools-for-stm32.14.3.rel1.macosaarch64_1.0.0.202602081740/tools/bin/../lib/gcc/arm-none-eabi/14.3.1/../../../../arm-none-eabi/lib/thumb/v7e-m+dp/hard/libc_nano.a(libc_a-memset.o)
                0x0800a5c8                memset
 .text.__errno  0x0800a5d8        0xc /Applications/STM32CubeIDE.app/Contents/Eclipse/plugins/com.st.stm32cube.ide.mcu.externaltools.gnu-tools-for-stm32.14.3.rel1.macosaarch64_1.0.0.202602081740/tools/bin/../lib/gcc/arm-none-eabi/14.3.1/../../../../arm-none-eabi/lib/thumb/v7e-m+dp/hard/libc_nano.a(libc_a-errno.o)
                0x0800a5d8                __errno
 .text.__libc_init_array
                0x0800a5e4       0x48 /Applications/STM32CubeIDE.app/Contents/Eclipse/plugins/com.st.stm32cube.ide.mcu.externaltools.gnu-tools-for-stm32.14.3.rel1.macosaarch64_1.0.0.202602081740/tools/bin/../lib/gcc/arm-none-eabi/14.3.1/../../../../arm-none-eabi/lib/thumb/v7e-m+dp/hard/libc_nano.a(libc_a-init.o)
                0x0800a5e4                __libc_init_array
 .text.__retarget_lock_init_recursive
                0x0800a62c        0x2 /Applications/STM32CubeIDE.app/Contents/Eclipse/plugins/com.st.stm32cube.ide.mcu.externaltools.gnu-tools-for-stm32.14.3.rel1.macosaarch64_1.0.0.202602081740/tools/bin/../lib/gcc/arm-none-eabi/14.3.1/../../../../arm-none-eabi/lib/thumb/v7e-m+dp/hard/libc_nano.a(libc_a-lock.o)
                0x0800a62c                __retarget_lock_init_recursive
 .text.__retarget_lock_acquire_recursive
                0x0800a62e        0x2 /Applications/STM32CubeIDE.app/Contents/Eclipse/plugins/com.st.stm32cube.ide.mcu.externaltools.gnu-tools-for-stm32.14.3.rel1.macosaarch64_1.0.0.202602081740/tools/bin/../lib/gcc/arm-none-eabi/14.3.1/../../../../arm-none-eabi/lib/thumb/v7e-m+dp/hard/libc_nano.a(libc_a-lock.o)
                0x0800a62e                __retarget_lock_acquire_recursive
 .text.__retarget_lock_release_recursive
                0x0800a630        0x2 /Applications/STM32CubeIDE.app/Contents/Eclipse/plugins/com.st.stm32cube.ide.mcu.externaltools.gnu-tools-for-stm32.14.3.rel1.macosaarch64_1.0.0.202602081740/tools/bin/../lib/gcc/arm-none-eabi/14.3.1/../../../../arm-none-eabi/lib/thumb/v7e-m+dp/hard/libc_nano.a(libc_a-lock.o)
                0x0800a630                __retarget_lock_release_recursive
 .text.__sfputc_r
                0x0800a632       0x2e /Applications/STM32CubeIDE.app/Contents/Eclipse/plugins/com.st.stm32cube.ide.mcu.externaltools.gnu-tools-for-stm32.14.3.rel1.macosaarch64_1.0.0.202602081740/tools/bin/../lib/gcc/arm-none-eabi/14.3.1/../../../../arm-none-eabi/lib/thumb/v7e-m+dp/hard/libc_nano.a(libc_a-nano-vfprintf.o)
 .text.__sfputs_r
                0x0800a660       0x24 /Applications/STM32CubeIDE.app/Contents/Eclipse/plugins/com.st.stm32cube.ide.mcu.externaltools.gnu-tools-for-stm32.14.3.rel1.macosaarch64_1.0.0.202602081740/tools/bin/../lib/gcc/arm-none-eabi/14.3.1/../../../../arm-none-eabi/lib/thumb/v7e-m+dp/hard/libc_nano.a(libc_a-nano-vfprintf.o)
                0x0800a660                __sfputs_r
 .text._vfprintf_r
                0x0800a684      0x228 /Applications/STM32CubeIDE.app/Contents/Eclipse/plugins/com.st.stm32cube.ide.mcu.externaltools.gnu-tools-for-stm32.14.3.rel1.macosaarch64_1.0.0.202602081740/tools/bin/../lib/gcc/arm-none-eabi/14.3.1/../../../../arm-none-eabi/lib/thumb/v7e-m+dp/hard/libc_nano.a(libc_a-nano-vfprintf.o)
                0x0800a684                _vfiprintf_r
                0x0800a684                _vfprintf_r
 .text.sbrk_aligned
                0x0800a8ac       0x44 /Applications/STM32CubeIDE.app/Contents/Eclipse/plugins/com.st.stm32cube.ide.mcu.externaltools.gnu-tools-for-stm32.14.3.rel1.macosaarch64_1.0.0.202602081740/tools/bin/../lib/gcc/arm-none-eabi/14.3.1/../../../../arm-none-eabi/lib/thumb/v7e-m+dp/hard/libc_nano.a(libc_a-mallocr.o)
 .text._malloc_r
                0x0800a8f0      0x100 /Applications/STM32CubeIDE.app/Contents/Eclipse/plugins/com.st.stm32cube.ide.mcu.externaltools.gnu-tools-for-stm32.14.3.rel1.macosaarch64_1.0.0.202602081740/tools/bin/../lib/gcc/arm-none-eabi/14.3.1/../../../../arm-none-eabi/lib/thumb/v7e-m+dp/hard/libc_nano.a(libc_a-mallocr.o)
                0x0800a8f0                _malloc_r
 .text._printf_common
                0x0800a9f0       0xda /Applications/STM32CubeIDE.app/Contents/Eclipse/plugins/com.st.stm32cube.ide.mcu.externaltools.gnu-tools-for-stm32.14.3.rel1.macosaarch64_1.0.0.202602081740/tools/bin/../lib/gcc/arm-none-eabi/14.3.1/../../../../arm-none-eabi/lib/thumb/v7e-m+dp/hard/libc_nano.a(libc_a-nano-vfprintf_i.o)
                0x0800a9f0                _printf_common
 *fill*         0x0800aaca        0x2 
 .text._printf_i
                0x0800aacc      0x24c /Applications/STM32CubeIDE.app/Contents/Eclipse/plugins/com.st.stm32cube.ide.mcu.externaltools.gnu-tools-for-stm32.14.3.rel1.macosaarch64_1.0.0.202602081740/tools/bin/../lib/gcc/arm-none-eabi/14.3.1/../../../../arm-none-eabi/lib/thumb/v7e-m+dp/hard/libc_nano.a(libc_a-nano-vfprintf_i.o)
                0x0800aacc                _printf_i
 .text.__sflush_r
                0x0800ad18      0x104 /Applications/STM32CubeIDE.app/Contents/Eclipse/plugins/com.st.stm32cube.ide.mcu.externaltools.gnu-tools-for-stm32.14.3.rel1.macosaarch64_1.0.0.202602081740/tools/bin/../lib/gcc/arm-none-eabi/14.3.1/../../../../arm-none-eabi/lib/thumb/v7e-m+dp/hard/libc_nano.a(libc_a-fflush.o)
                0x0800ad18                __sflush_r
 .text._fflush_r
                0x0800ae1c       0x50 /Applications/STM32CubeIDE.app/Contents/Eclipse/plugins/com.st.stm32cube.ide.mcu.externaltools.gnu-tools-for-stm32.14.3.rel1.macosaarch64_1.0.0.202602081740/tools/bin/../lib/gcc/arm-none-eabi/14.3.1/../../../../arm-none-eabi/lib/thumb/v7e-m+dp/hard/libc_nano.a(libc_a-fflush.o)
                0x0800ae1c                _fflush_r
 .text.__malloc_lock
                0x0800ae6c        0xc /Applications/STM32CubeIDE.app/Contents/Eclipse/plugins/com.st.stm32cube.ide.mcu.externaltools.gnu-tools-for-stm32.14.3.rel1.macosaarch64_1.0.0.202602081740/tools/bin/../lib/gcc/arm-none-eabi/14.3.1/../../../../arm-none-eabi/lib/thumb/v7e-m+dp/hard/libc_nano.a(libc_a-mlock.o)
                0x0800ae6c                __malloc_lock
 .text.__malloc_unlock
                0x0800ae78        0xc /Applications/STM32CubeIDE.app/Contents/Eclipse/plugins/com.st.stm32cube.ide.mcu.externaltools.gnu-tools-for-stm32.14.3.rel1.macosaarch64_1.0.0.202602081740/tools/bin/../lib/gcc/arm-none-eabi/14.3.1/../../../../arm-none-eabi/lib/thumb/v7e-m+dp/hard/libc_nano.a(libc_a-mlock.o)
                0x0800ae78                __malloc_unlock
 .text.__sread  0x0800ae84       0x22 /Applications/STM32CubeIDE.app/Contents/Eclipse/plugins/com.st.stm32cube.ide.mcu.externaltools.gnu-tools-for-stm32.14.3.rel1.macosaarch64_1.0.0.202602081740/tools/bin/../lib/gcc/arm-none-eabi/14.3.1/../../../../arm-none-eabi/lib/thumb/v7e-m+dp/hard/libc_nano.a(libc_a-stdio.o)
                0x0800ae84                __sread
 .text.__swrite
                0x0800aea6       0x38 /Applications/STM32CubeIDE.app/Contents/Eclipse/plugins/com.st.stm32cube.ide.mcu.externaltools.gnu-tools-for-stm32.14.3.rel1.macosaarch64_1.0.0.202602081740/tools/bin/../lib/gcc/arm-none-eabi/14.3.1/../../../../arm-none-eabi/lib/thumb/v7e-m+dp/hard/libc_nano.a(libc_a-stdio.o)
                0x0800aea6                __swrite
 .text.__sseek  0x0800aede       0x26 /Applications/STM32CubeIDE.app/Contents/Eclipse/plugins/com.st.stm32cube.ide.mcu.externaltools.gnu-tools-for-stm32.14.3.rel1.macosaarch64_1.0.0.202602081740/tools/bin/../lib/gcc/arm-none-eabi/14.3.1/../../../../arm-none-eabi/lib/thumb/v7e-m+dp/hard/libc_nano.a(libc_a-stdio.o)
                0x0800aede                __sseek
 .text.__sclose
                0x0800af04        0x8 /Applications/STM32CubeIDE.app/Contents/Eclipse/plugins/com.st.stm32cube.ide.mcu.externaltools.gnu-tools-for-stm32.14.3.rel1.macosaarch64_1.0.0.202602081740/tools/bin/../lib/gcc/arm-none-eabi/14.3.1/../../../../arm-none-eabi/lib/thumb/v7e-m+dp/hard/libc_nano.a(libc_a-stdio.o)
                0x0800af04                __sclose
 .text.__swbuf_r
                0x0800af0c       0x7c /Applications/STM32CubeIDE.app/Contents/Eclipse/plugins/com.st.stm32cube.ide.mcu.externaltools.gnu-tools-for-stm32.14.3.rel1.macosaarch64_1.0.0.202602081740/tools/bin/../lib/gcc/arm-none-eabi/14.3.1/../../../../arm-none-eabi/lib/thumb/v7e-m+dp/hard/libc_nano.a(libc_a-wbuf.o)
                0x0800af0c                __swbuf_r
 .text.__swsetup_r
                0x0800af88       0xa8 /Applications/STM32CubeIDE.app/Contents/Eclipse/plugins/com.st.stm32cube.ide.mcu.externaltools.gnu-tools-for-stm32.14.3.rel1.macosaarch64_1.0.0.202602081740/tools/bin/../lib/gcc/arm-none-eabi/14.3.1/../../../../arm-none-eabi/lib/thumb/v7e-m+dp/hard/libc_nano.a(libc_a-wsetup.o)
                0x0800af88                __swsetup_r
 .text.__swhatbuf_r
                0x0800b030       0x48 /Applications/STM32CubeIDE.app/Contents/Eclipse/plugins/com.st.stm32cube.ide.mcu.externaltools.gnu-tools-for-stm32.14.3.rel1.macosaarch64_1.0.0.202602081740/tools/bin/../lib/gcc/arm-none-eabi/14.3.1/../../../../arm-none-eabi/lib/thumb/v7e-m+dp/hard/libc_nano.a(libc_a-makebuf.o)
                0x0800b030                __swhatbuf_r
 .text.__smakebuf_r
                0x0800b078       0x72 /Applications/STM32CubeIDE.app/Contents/Eclipse/plugins/com.st.stm32cube.ide.mcu.externaltools.gnu-tools-for-stm32.14.3.rel1.macosaarch64_1.0.0.202602081740/tools/bin/../lib/gcc/arm-none-eabi/14.3.1/../../../../arm-none-eabi/lib/thumb/v7e-m+dp/hard/libc_nano.a(libc_a-makebuf.o)
                0x0800b078                __smakebuf_r
 *fill*         0x0800b0ea        0x2 
 .text._isatty_r
                0x0800b0ec       0x20 /Applications/STM32CubeIDE.app/Contents/Eclipse/plugins/com.st.stm32cube.ide.mcu.externaltools.gnu-tools-for-stm32.14.3.rel1.macosaarch64_1.0.0.202602081740/tools/bin/../lib/gcc/arm-none-eabi/14.3.1/../../../../arm-none-eabi/lib/thumb/v7e-m+dp/hard/libc_nano.a(libc_a-isattyr.o)
                0x0800b0ec                _isatty_r
 .text._lseek_r
                0x0800b10c       0x24 /Applications/STM32CubeIDE.app/Contents/Eclipse/plugins/com.st.stm32cube.ide.mcu.externaltools.gnu-tools-for-stm32.14.3.rel1.macosaarch64_1.0.0.202602081740/tools/bin/../lib/gcc/arm-none-eabi/14.3.1/../../../../arm-none-eabi/lib/thumb/v7e-m+dp/hard/libc_nano.a(libc_a-lseekr.o)
                0x0800b10c                _lseek_r
 .text._read_r  0x0800b130       0x24 /Applications/STM32CubeIDE.app/Contents/Eclipse/plugins/com.st.stm32cube.ide.mcu.externaltools.gnu-tools-for-stm32.14.3.rel1.macosaarch64_1.0.0.202602081740/tools/bin/../lib/gcc/arm-none-eabi/14.3.1/../../../../arm-none-eabi/lib/thumb/v7e-m+dp/hard/libc_nano.a(libc_a-readr.o)
                0x0800b130                _read_r
 .text._sbrk_r  0x0800b154       0x20 /Applications/STM32CubeIDE.app/Contents/Eclipse/plugins/com.st.stm32cube.ide.mcu.externaltools.gnu-tools-for-stm32.14.3.rel1.macosaarch64_1.0.0.202602081740/tools/bin/../lib/gcc/arm-none-eabi/14.3.1/../../../../arm-none-eabi/lib/thumb/v7e-m+dp/hard/libc_nano.a(libc_a-sbrkr.o)
                0x0800b154                _sbrk_r
 .text._write_r
                0x0800b174       0x24 /Applications/STM32CubeIDE.app/Contents/Eclipse/plugins/com.st.stm32cube.ide.mcu.externaltools.gnu-tools-for-stm32.14.3.rel1.macosaarch64_1.0.0.202602081740/tools/bin/../lib/gcc/arm-none-eabi/14.3.1/../../../../arm-none-eabi/lib/thumb/v7e-m+dp/hard/libc_nano.a(libc_a-writer.o)
                0x0800b174                _write_r
 .text._close_r
                0x0800b198       0x20 /Applications/STM32CubeIDE.app/Contents/Eclipse/plugins/com.st.stm32cube.ide.mcu.externaltools.gnu-tools-for-stm32.14.3.rel1.macosaarch64_1.0.0.202602081740/tools/bin/../lib/gcc/arm-none-eabi/14.3.1/../../../../arm-none-eabi/lib/thumb/v7e-m+dp/hard/libc_nano.a(libc_a-closer.o)
                0x0800b198                _close_r
 .text._fstat_r
                0x0800b1b8       0x24 /Applications/STM32CubeIDE.app/Contents/Eclipse/plugins/com.st.stm32cube.ide.mcu.externaltools.gnu-tools-for-stm32.14.3.rel1.macosaarch64_1.0.0.202602081740/tools/bin/../lib/gcc/arm-none-eabi/14.3.1/../../../../arm-none-eabi/lib/thumb/v7e-m+dp/hard/libc_nano.a(libc_a-fstatr.o)
                0x0800b1b8                _fstat_r
 .text._free_r  0x0800b1dc       0x94 /Applications/STM32CubeIDE.app/Contents/Eclipse/plugins/com.st.stm32cube.ide.mcu.externaltools.gnu-tools-for-stm32.14.3.rel1.macosaarch64_1.0.0.202602081740/tools/bin/../lib/gcc/arm-none-eabi/14.3.1/../../../../arm-none-eabi/lib/thumb/v7e-m+dp/hard/libc_nano.a(libc_a-freer.o)
                0x0800b1dc                _free_r
 *(.glue_7)
 .glue_7        0x0800b270        0x0 linker stubs
 *(.glue_7t)
 .glue_7t       0x0800b270        0x0 linker stubs
 *(.eh_frame)
 .eh_frame      0x0800b270        0x0 /Applications/STM32CubeIDE.app/Contents/Eclipse/plugins/com.st.stm32cube.ide.mcu.externaltools.gnu-tools-for-stm32.14.3.rel1.macosaarch64_1.0.0.202602081740/tools/bin/../lib/gcc/arm-none-eabi/14.3.1/thumb/v7e-m+dp/hard/crtbegin.o
 *(.init)
 .init          0x0800b270        0x4 /Applications/STM32CubeIDE.app/Contents/Eclipse/plugins/com.st.stm32cube.ide.mcu.externaltools.gnu-tools-for-stm32.14.3.rel1.macosaarch64_1.0.0.202602081740/tools/bin/../lib/gcc/arm-none-eabi/14.3.1/thumb/v7e-m+dp/hard/crti.o
                0x0800b270                _init
 .init          0x0800b274        0x8 /Applications/STM32CubeIDE.app/Contents/Eclipse/plugins/com.st.stm32cube.ide.mcu.externaltools.gnu-tools-for-stm32.14.3.rel1.macosaarch64_1.0.0.202602081740/tools/bin/../lib/gcc/arm-none-eabi/14.3.1/thumb/v7e-m+dp/hard/crtn.o
 *(.fini)
 .fini          0x0800b27c        0x4 /Applications/STM32CubeIDE.app/Contents/Eclipse/plugins/com.st.stm32cube.ide.mcu.externaltools.gnu-tools-for-stm32.14.3.rel1.macosaarch64_1.0.0.202602081740/tools/bin/../lib/gcc/arm-none-eabi/14.3.1/thumb/v7e-m+dp/hard/crti.o
                0x0800b27c                _fini
 .fini          0x0800b280        0x8 /Applications/STM32CubeIDE.app/Contents/Eclipse/plugins/com.st.stm32cube.ide.mcu.externaltools.gnu-tools-for-stm32.14.3.rel1.macosaarch64_1.0.0.202602081740/tools/bin/../lib/gcc/arm-none-eabi/14.3.1/thumb/v7e-m+dp/hard/crtn.o
                0x0800b288                        . = ALIGN (0x4)
                0x0800b288                        _etext = .

.vfp11_veneer   0x0800b288        0x0
 .vfp11_veneer  0x0800b288        0x0 linker stubs

.v4_bx          0x0800b288        0x0
 .v4_bx         0x0800b288        0x0 linker stubs

.iplt           0x0800b288        0x0
 .iplt          0x0800b288        0x0 /Applications/STM32CubeIDE.app/Contents/Eclipse/plugins/com.st.stm32cube.ide.mcu.externaltools.gnu-tools-for-stm32.14.3.rel1.macosaarch64_1.0.0.202602081740/tools/bin/../lib/gcc/arm-none-eabi/14.3.1/thumb/v7e-m+dp/hard/crtbegin.o

.rodata         0x0800b288      0x110
                0x0800b288                        . = ALIGN (0x4)
 *(.rodata)
 *(.rodata*)
 .rodata.icm_read_data.str1.4
                0x0800b288       0xca ./Core/Src/icm-42688-p.o
                                 0x12 (size before relaxing)
 .rodata.main.str1.4
                0x0800b352       0x6f ./Core/Src/main.o
 *fill*         0x0800b352        0x2 
 .rodata.D1CorePrescTable
                0x0800b354       0x10 ./Core/Src/system_stm32h7xx.o
                0x0800b354                D1CorePrescTable
 .rodata.USBD_FS_ProductStrDescriptor.str1.4
                0x0800b364       0x16 ./USB_DEVICE/App/usbd_desc.o
 .rodata.USBD_FS_ManufacturerStrDescriptor.str1.4
                0x0800b364       0x13 ./USB_DEVICE/App/usbd_desc.o
 .rodata.USBD_FS_ConfigStrDescriptor.str1.4
                0x0800b364        0xb ./USB_DEVICE/App/usbd_desc.o
 .rodata.USBD_FS_InterfaceStrDescriptor.str1.4
                0x0800b364        0xe ./USB_DEVICE/App/usbd_desc.o
 .rodata._vfprintf_r.str1.1
                0x0800b364       0x33 /Applications/STM32CubeIDE.app/Contents/Eclipse/plugins/com.st.stm32cube.ide.mcu.externaltools.gnu-tools-for-stm32.14.3.rel1.macosaarch64_1.0.0.202602081740/tools/bin/../lib/gcc/arm-none-eabi/14.3.1/../../../../arm-none-eabi/lib/thumb/v7e-m+dp/hard/libc_nano.a(libc_a-nano-vfprintf.o)
                                 0x11 (size before relaxing)
 .rodata._printf_i.str1.1
                0x0800b397       0x22 /Applications/STM32CubeIDE.app/Contents/Eclipse/plugins/com.st.stm32cube.ide.mcu.externaltools.gnu-tools-for-stm32.14.3.rel1.macosaarch64_1.0.0.202602081740/tools/bin/../lib/gcc/arm-none-eabi/14.3.1/../../../../arm-none-eabi/lib/thumb/v7e-m+dp/hard/libc_nano.a(libc_a-nano-vfprintf_i.o)
                0x0800b3bc                        . = ALIGN (0x4)
 *fill*         0x0800b397        0x1 

.ARM.extab
 *(.ARM.extab* .gnu.linkonce.armextab.*)

.ARM            0x0800b398        0x8
                0x0800b398                        __exidx_start = .
 *(.ARM.exidx*)
 .ARM.exidx     0x0800b398        0x8 /Applications/STM32CubeIDE.app/Contents/Eclipse/plugins/com.st.stm32cube.ide.mcu.externaltools.gnu-tools-for-stm32.14.3.rel1.macosaarch64_1.0.0.202602081740/tools/bin/../lib/gcc/arm-none-eabi/14.3.1/../../../../arm-none-eabi/lib/thumb/v7e-m+dp/hard/libc_nano.a(libc_a-memchr.o)
                0x0800b3a0                        __exidx_end = .

.preinit_array  0x0800b3a0        0x0
                0x0800b3a0                        PROVIDE (__preinit_array_start = .)
 *(.preinit_array*)
                0x0800b3a0                        PROVIDE (__preinit_array_end = .)

.init_array     0x0800b3a0        0x4
                0x0800b3a0                        PROVIDE (__init_array_start = .)
 *(SORT_BY_NAME(.init_array.*))
 *(.init_array*)
 .init_array    0x0800b3a0        0x4 /Applications/STM32CubeIDE.app/Contents/Eclipse/plugins/com.st.stm32cube.ide.mcu.externaltools.gnu-tools-for-stm32.14.3.rel1.macosaarch64_1.0.0.202602081740/tools/bin/../lib/gcc/arm-none-eabi/14.3.1/thumb/v7e-m+dp/hard/crtbegin.o
                0x0800b3a4                        PROVIDE (__init_array_end = .)

.fini_array     0x0800b3a4        0x4
                [!provide]                        PROVIDE (__fini_array_start = .)
 *(SORT_BY_NAME(.fini_array.*))
 *(.fini_array*)
 .fini_array    0x0800b3a4        0x4 /Applications/STM32CubeIDE.app/Contents/Eclipse/plugins/com.st.stm32cube.ide.mcu.externaltools.gnu-tools-for-stm32.14.3.rel1.macosaarch64_1.0.0.202602081740/tools/bin/../lib/gcc/arm-none-eabi/14.3.1/thumb/v7e-m+dp/hard/crtbegin.o
                [!provide]                        PROVIDE (__fini_array_end = .)
                0x0800b3a8                        _sidata = LOADADDR (.data)

.rel.dyn        0x0800b3a8        0x0
 .rel.iplt      0x0800b3a8        0x0 /Applications/STM32CubeIDE.app/Contents/Eclipse/plugins/com.st.stm32cube.ide.mcu.externaltools.gnu-tools-for-stm32.14.3.rel1.macosaarch64_1.0.0.202602081740/tools/bin/../lib/gcc/arm-none-eabi/14.3.1/thumb/v7e-m+dp/hard/crtbegin.o

.data           0x24000000      0x16c load address 0x0800b3a8
                0x24000000                        . = ALIGN (0x4)
                0x24000000                        _sdata = .
 *(.data)
 *(.data*)
 .data.imu      0x24000000        0xc ./Core/Src/main.o
                0x24000000                imu
 .data.SystemCoreClock
                0x2400000c        0x4 ./Core/Src/system_stm32h7xx.o
                0x2400000c                SystemCoreClock
 .data.SystemD2Clock
                0x24000010        0x4 ./Core/Src/system_stm32h7xx.o
                0x24000010                SystemD2Clock
 .data.uwTickPrio
                0x24000014        0x4 ./Drivers/STM32H7xx_HAL_Driver/Src/stm32h7xx_hal.o
                0x24000014                uwTickPrio
 .data.uwTickFreq
                0x24000018        0x1 ./Drivers/STM32H7xx_HAL_Driver/Src/stm32h7xx_hal.o
                0x24000018                uwTickFreq
 *fill*         0x24000019        0x3 
 .data.USBD_CDC_DeviceQualifierDesc
                0x2400001c        0xa ./Middlewares/ST/STM32_USB_Device_Library/Class/CDC/Src/usbd_cdc.o
 *fill*         0x24000026        0x2 
 .data.USBD_CDC
                0x24000028       0x38 ./Middlewares/ST/STM32_USB_Device_Library/Class/CDC/Src/usbd_cdc.o
                0x24000028                USBD_CDC
 .data.USBD_CDC_CfgDesc
                0x24000060       0x43 ./Middlewares/ST/STM32_USB_Device_Library/Class/CDC/Src/usbd_cdc.o
 .data.CDCInEpAdd
                0x240000a3        0x1 ./Middlewares/ST/STM32_USB_Device_Library/Class/CDC/Src/usbd_cdc.o
 .data.CDCOutEpAdd
                0x240000a4        0x1 ./Middlewares/ST/STM32_USB_Device_Library/Class/CDC/Src/usbd_cdc.o
 .data.CDCCmdEpAdd
                0x240000a5        0x1 ./Middlewares/ST/STM32_USB_Device_Library/Class/CDC/Src/usbd_cdc.o
 *fill*         0x240000a6        0x2 
 .data.USBD_Interface_fops_FS
                0x240000a8       0x14 ./USB_DEVICE/App/usbd_cdc_if.o
                0x240000a8                USBD_Interface_fops_FS
 .data.FS_Desc  0x240000bc       0x20 ./USB_DEVICE/App/usbd_desc.o
                0x240000bc                FS_Desc
 .data.USBD_FS_DeviceDesc
                0x240000dc       0x12 ./USB_DEVICE/App/usbd_desc.o
                0x240000dc                USBD_FS_DeviceDesc
 *fill*         0x240000ee        0x2 
 .data.USBD_LangIDDesc
                0x240000f0        0x4 ./USB_DEVICE/App/usbd_desc.o
                0x240000f0                USBD_LangIDDesc
 .data.USBD_StringSerial
                0x240000f4       0x1a ./USB_DEVICE/App/usbd_desc.o
                0x240000f4                USBD_StringSerial
 *fill*         0x2400010e        0x2 
 .data.__sglue  0x24000110        0xc /Applications/STM32CubeIDE.app/Contents/Eclipse/plugins/com.st.stm32cube.ide.mcu.externaltools.gnu-tools-for-stm32.14.3.rel1.macosaarch64_1.0.0.202602081740/tools/bin/../lib/gcc/arm-none-eabi/14.3.1/../../../../arm-none-eabi/lib/thumb/v7e-m+dp/hard/libc_nano.a(libc_a-findfp.o)
                0x24000110                __sglue
 .data._impure_ptr
                0x2400011c        0x4 /Applications/STM32CubeIDE.app/Contents/Eclipse/plugins/com.st.stm32cube.ide.mcu.externaltools.gnu-tools-for-stm32.14.3.rel1.macosaarch64_1.0.0.202602081740/tools/bin/../lib/gcc/arm-none-eabi/14.3.1/../../../../arm-none-eabi/lib/thumb/v7e-m+dp/hard/libc_nano.a(libc_a-impure.o)
                0x2400011c                _impure_ptr
 .data._impure_data
                0x24000120       0x4c /Applications/STM32CubeIDE.app/Contents/Eclipse/plugins/com.st.stm32cube.ide.mcu.externaltools.gnu-tools-for-stm32.14.3.rel1.macosaarch64_1.0.0.202602081740/tools/bin/../lib/gcc/arm-none-eabi/14.3.1/../../../../arm-none-eabi/lib/thumb/v7e-m+dp/hard/libc_nano.a(libc_a-impure.o)
                0x24000120                _impure_data
 *(.RamFunc)
 *(.RamFunc*)
                0x2400016c                        . = ALIGN (0x4)
                0x2400016c                        _edata = .

.igot.plt       0x2400016c        0x0 load address 0x0800b514
 .igot.plt      0x2400016c        0x0 /Applications/STM32CubeIDE.app/Contents/Eclipse/plugins/com.st.stm32cube.ide.mcu.externaltools.gnu-tools-for-stm32.14.3.rel1.macosaarch64_1.0.0.202602081740/tools/bin/../lib/gcc/arm-none-eabi/14.3.1/thumb/v7e-m+dp/hard/crtbegin.o
                0x2400016c                        . = ALIGN (0x4)

.bss            0x2400016c     0x1dec load address 0x0800b514
                0x2400016c                        _sbss = .
                0x2400016c                        __bss_start__ = _sbss
 *(.bss)
 .bss           0x2400016c       0x1c /Applications/STM32CubeIDE.app/Contents/Eclipse/plugins/com.st.stm32cube.ide.mcu.externaltools.gnu-tools-for-stm32.14.3.rel1.macosaarch64_1.0.0.202602081740/tools/bin/../lib/gcc/arm-none-eabi/14.3.1/thumb/v7e-m+dp/hard/crtbegin.o
 *(.bss*)
 .bss.hspi1     0x24000188       0x88 ./Core/Src/main.o
                0x24000188                hspi1
 .bss.imu_data  0x24000210        0xe ./Core/Src/main.o
                0x24000210                imu_data
 *fill*         0x2400021e        0x2 
 .bss.__sbrk_heap_end
                0x24000220        0x4 ./Core/Src/sysmem.o
 .bss.uwTick    0x24000224        0x4 ./Drivers/STM32H7xx_HAL_Driver/Src/stm32h7xx_hal.o
                0x24000224                uwTick
 .bss.cfgidx.0  0x24000228        0x1 ./Middlewares/ST/STM32_USB_Device_Library/Core/Src/usbd_ctlreq.o
 *fill*         0x24000229        0x3 
 .bss.hUsbDeviceFS
                0x2400022c      0x2dc ./USB_DEVICE/App/usb_device.o
                0x2400022c                hUsbDeviceFS
 .bss.UserRxBufferFS
                0x24000508      0x800 ./USB_DEVICE/App/usbd_cdc_if.o
                0x24000508                UserRxBufferFS
 .bss.UserTxBufferFS
                0x24000d08      0x800 ./USB_DEVICE/App/usbd_cdc_if.o
                0x24000d08                UserTxBufferFS
 .bss.USBD_StrDesc
                0x24001508      0x200 ./USB_DEVICE/App/usbd_desc.o
                0x24001508                USBD_StrDesc
 .bss.hpcd_USB_OTG_FS
                0x24001708      0x4e4 ./USB_DEVICE/Target/usbd_conf.o
                0x24001708                hpcd_USB_OTG_FS
 .bss.mem.0     0x24001bec      0x220 ./USB_DEVICE/Target/usbd_conf.o
 .bss.__sf      0x24001e0c      0x138 /Applications/STM32CubeIDE.app/Contents/Eclipse/plugins/com.st.stm32cube.ide.mcu.externaltools.gnu-tools-for-stm32.14.3.rel1.macosaarch64_1.0.0.202602081740/tools/bin/../lib/gcc/arm-none-eabi/14.3.1/../../../../arm-none-eabi/lib/thumb/v7e-m+dp/hard/libc_nano.a(libc_a-findfp.o)
                0x24001e0c                __sf
 .bss.__stdio_exit_handler
                0x24001f44        0x4 /Applications/STM32CubeIDE.app/Contents/Eclipse/plugins/com.st.stm32cube.ide.mcu.externaltools.gnu-tools-for-stm32.14.3.rel1.macosaarch64_1.0.0.202602081740/tools/bin/../lib/gcc/arm-none-eabi/14.3.1/../../../../arm-none-eabi/lib/thumb/v7e-m+dp/hard/libc_nano.a(libc_a-findfp.o)
                0x24001f44                __stdio_exit_handler
 .bss.__lock___malloc_recursive_mutex
                0x24001f48        0x1 /Applications/STM32CubeIDE.app/Contents/Eclipse/plugins/com.st.stm32cube.ide.mcu.externaltools.gnu-tools-for-stm32.14.3.rel1.macosaarch64_1.0.0.202602081740/tools/bin/../lib/gcc/arm-none-eabi/14.3.1/../../../../arm-none-eabi/lib/thumb/v7e-m+dp/hard/libc_nano.a(libc_a-lock.o)
                0x24001f48                __lock___malloc_recursive_mutex
 .bss.__lock___sfp_recursive_mutex
                0x24001f49        0x1 /Applications/STM32CubeIDE.app/Contents/Eclipse/plugins/com.st.stm32cube.ide.mcu.externaltools.gnu-tools-for-stm32.14.3.rel1.macosaarch64_1.0.0.202602081740/tools/bin/../lib/gcc/arm-none-eabi/14.3.1/../../../../arm-none-eabi/lib/thumb/v7e-m+dp/hard/libc_nano.a(libc_a-lock.o)
                0x24001f49                __lock___sfp_recursive_mutex
 *fill*         0x24001f4a        0x2 
 .bss.__malloc_sbrk_start
                0x24001f4c        0x4 /Applications/STM32CubeIDE.app/Contents/Eclipse/plugins/com.st.stm32cube.ide.mcu.externaltools.gnu-tools-for-stm32.14.3.rel1.macosaarch64_1.0.0.202602081740/tools/bin/../lib/gcc/arm-none-eabi/14.3.1/../../../../arm-none-eabi/lib/thumb/v7e-m+dp/hard/libc_nano.a(libc_a-mallocr.o)
                0x24001f4c                __malloc_sbrk_start
 .bss.__malloc_free_list
                0x24001f50        0x4 /Applications/STM32CubeIDE.app/Contents/Eclipse/plugins/com.st.stm32cube.ide.mcu.externaltools.gnu-tools-for-stm32.14.3.rel1.macosaarch64_1.0.0.202602081740/tools/bin/../lib/gcc/arm-none-eabi/14.3.1/../../../../arm-none-eabi/lib/thumb/v7e-m+dp/hard/libc_nano.a(libc_a-mallocr.o)
                0x24001f50                __malloc_free_list
 .bss.errno     0x24001f54        0x4 /Applications/STM32CubeIDE.app/Contents/Eclipse/plugins/com.st.stm32cube.ide.mcu.externaltools.gnu-tools-for-stm32.14.3.rel1.macosaarch64_1.0.0.202602081740/tools/bin/../lib/gcc/arm-none-eabi/14.3.1/../../../../arm-none-eabi/lib/thumb/v7e-m+dp/hard/libc_nano.a(libc_a-reent.o)
                0x24001f54                errno
 *(COMMON)
                0x24001f58                        . = ALIGN (0x4)
                0x24001f58                        _ebss = .
                0x24001f58                        __bss_end__ = _ebss

._user_heap_stack
                0x24001f58      0x600 load address 0x0800b514
                0x24001f58                        . = ALIGN (0x8)
                [!provide]                        PROVIDE (end = .)
                0x24001f58                        PROVIDE (_end = .)
                0x24002158                        . = (. + _Min_Heap_Size)
 *fill*         0x24001f58      0x200 
                0x24002558                        . = (. + _Min_Stack_Size)
 *fill*         0x24002158      0x400 
                0x24002558                        . = ALIGN (0x8)

/DISCARD/
 libc.a(*)
 libm.a(*)
 libgcc.a(*)

.ARM.attributes
                0x00000000       0x2e
 *(.ARM.attributes)
 .ARM.attributes
                0x00000000       0x20 /Applications/STM32CubeIDE.app/Contents/Eclipse/plugins/com.st.stm32cube.ide.mcu.externaltools.gnu-tools-for-stm32.14.3.rel1.macosaarch64_1.0.0.202602081740/tools/bin/../lib/gcc/arm-none-eabi/14.3.1/thumb/v7e-m+dp/hard/crti.o
 .ARM.attributes
                0x00000020       0x32 /Applications/STM32CubeIDE.app/Contents/Eclipse/plugins/com.st.stm32cube.ide.mcu.externaltools.gnu-tools-for-stm32.14.3.rel1.macosaarch64_1.0.0.202602081740/tools/bin/../lib/gcc/arm-none-eabi/14.3.1/thumb/v7e-m+dp/hard/crtbegin.o
 .ARM.attributes
                0x00000052       0x32 ./Core/Src/icm-42688-p.o
 .ARM.attributes
                0x00000084       0x32 ./Core/Src/main.o
 .ARM.attributes
                0x000000b6       0x32 ./Core/Src/stm32h7xx_hal_msp.o
 .ARM.attributes
                0x000000e8       0x32 ./Core/Src/stm32h7xx_it.o
 .ARM.attributes
                0x0000011a       0x32 ./Core/Src/syscalls.o
 .ARM.attributes
                0x0000014c       0x32 ./Core/Src/sysmem.o
 .ARM.attributes
                0x0000017e       0x32 ./Core/Src/system_stm32h7xx.o
 .ARM.attributes
                0x000001b0       0x21 ./Core/Startup/startup_stm32h743vitx.o
 .ARM.attributes
                0x000001d1       0x32 ./Drivers/STM32H7xx_HAL_Driver/Src/stm32h7xx_hal.o
 .ARM.attributes
                0x00000203       0x32 ./Drivers/STM32H7xx_HAL_Driver/Src/stm32h7xx_hal_cortex.o
 .ARM.attributes
                0x00000235       0x32 ./Drivers/STM32H7xx_HAL_Driver/Src/stm32h7xx_hal_gpio.o
 .ARM.attributes
                0x00000267       0x32 ./Drivers/STM32H7xx_HAL_Driver/Src/stm32h7xx_hal_pcd.o
 .ARM.attributes
                0x00000299       0x32 ./Drivers/STM32H7xx_HAL_Driver/Src/stm32h7xx_hal_pcd_ex.o
 .ARM.attributes
                0x000002cb       0x32 ./Drivers/STM32H7xx_HAL_Driver/Src/stm32h7xx_hal_pwr_ex.o
 .ARM.attributes
                0x000002fd       0x32 ./Drivers/STM32H7xx_HAL_Driver/Src/stm32h7xx_hal_rcc.o
 .ARM.attributes
                0x0000032f       0x32 ./Drivers/STM32H7xx_HAL_Driver/Src/stm32h7xx_hal_rcc_ex.o
 .ARM.attributes
                0x00000361       0x32 ./Drivers/STM32H7xx_HAL_Driver/Src/stm32h7xx_hal_spi.o
 .ARM.attributes
                0x00000393       0x32 ./Drivers/STM32H7xx_HAL_Driver/Src/stm32h7xx_ll_usb.o
 .ARM.attributes
                0x000003c5       0x32 ./Middlewares/ST/STM32_USB_Device_Library/Class/CDC/Src/usbd_cdc.o
 .ARM.attributes
                0x000003f7       0x32 ./Middlewares/ST/STM32_USB_Device_Library/Core/Src/usbd_core.o
 .ARM.attributes
                0x00000429       0x32 ./Middlewares/ST/STM32_USB_Device_Library/Core/Src/usbd_ctlreq.o
 .ARM.attributes
                0x0000045b       0x32 ./Middlewares/ST/STM32_USB_Device_Library/Core/Src/usbd_ioreq.o
 .ARM.attributes
                0x0000048d       0x32 ./USB_DEVICE/App/usb_device.o
 .ARM.attributes
                0x000004bf       0x32 ./USB_DEVICE/App/usbd_cdc_if.o
 .ARM.attributes
                0x000004f1       0x32 ./USB_DEVICE/App/usbd_desc.o
 .ARM.attributes
                0x00000523       0x32 ./USB_DEVICE/Target/usbd_conf.o
 .ARM.attributes
                0x00000555       0x32 /Applications/STM32CubeIDE.app/Contents/Eclipse/plugins/com.st.stm32cube.ide.mcu.externaltools.gnu-tools-for-stm32.14.3.rel1.macosaarch64_1.0.0.202602081740/tools/bin/../lib/gcc/arm-none-eabi/14.3.1/../../../../arm-none-eabi/lib/thumb/v7e-m+dp/hard/libc_nano.a(libc_a-findfp.o)
 .ARM.attributes
                0x00000587       0x32 /Applications/STM32CubeIDE.app/Contents/Eclipse/plugins/com.st.stm32cube.ide.mcu.externaltools.gnu-tools-for-stm32.14.3.rel1.macosaarch64_1.0.0.202602081740/tools/bin/../lib/gcc/arm-none-eabi/14.3.1/../../../../arm-none-eabi/lib/thumb/v7e-m+dp/hard/libc_nano.a(libc_a-fwalk.o)
 .ARM.attributes
                0x000005b9       0x32 /Applications/STM32CubeIDE.app/Contents/Eclipse/plugins/com.st.stm32cube.ide.mcu.externaltools.gnu-tools-for-stm32.14.3.rel1.macosaarch64_1.0.0.202602081740/tools/bin/../lib/gcc/arm-none-eabi/14.3.1/../../../../arm-none-eabi/lib/thumb/v7e-m+dp/hard/libc_nano.a(libc_a-printf.o)
 .ARM.attributes
                0x000005eb       0x32 /Applications/STM32CubeIDE.app/Contents/Eclipse/plugins/com.st.stm32cube.ide.mcu.externaltools.gnu-tools-for-stm32.14.3.rel1.macosaarch64_1.0.0.202602081740/tools/bin/../lib/gcc/arm-none-eabi/14.3.1/../../../../arm-none-eabi/lib/thumb/v7e-m+dp/hard/libc_nano.a(libc_a-puts.o)
 .ARM.attributes
                0x0000061d       0x32 /Applications/STM32CubeIDE.app/Contents/Eclipse/plugins/com.st.stm32cube.ide.mcu.externaltools.gnu-tools-for-stm32.14.3.rel1.macosaarch64_1.0.0.202602081740/tools/bin/../lib/gcc/arm-none-eabi/14.3.1/../../../../arm-none-eabi/lib/thumb/v7e-m+dp/hard/libc_nano.a(libc_a-memset.o)
 .ARM.attributes
                0x0000064f       0x32 /Applications/STM32CubeIDE.app/Contents/Eclipse/plugins/com.st.stm32cube.ide.mcu.externaltools.gnu-tools-for-stm32.14.3.rel1.macosaarch64_1.0.0.202602081740/tools/bin/../lib/gcc/arm-none-eabi/14.3.1/../../../../arm-none-eabi/lib/thumb/v7e-m+dp/hard/libc_nano.a(libc_a-errno.o)
 .ARM.attributes
                0x00000681       0x32 /Applications/STM32CubeIDE.app/Contents/Eclipse/plugins/com.st.stm32cube.ide.mcu.externaltools.gnu-tools-for-stm32.14.3.rel1.macosaarch64_1.0.0.202602081740/tools/bin/../lib/gcc/arm-none-eabi/14.3.1/../../../../arm-none-eabi/lib/thumb/v7e-m+dp/hard/libc_nano.a(libc_a-init.o)
 .ARM.attributes
                0x000006b3       0x32 /Applications/STM32CubeIDE.app/Contents/Eclipse/plugins/com.st.stm32cube.ide.mcu.externaltools.gnu-tools-for-stm32.14.3.rel1.macosaarch64_1.0.0.202602081740/tools/bin/../lib/gcc/arm-none-eabi/14.3.1/../../../../arm-none-eabi/lib/thumb/v7e-m+dp/hard/libc_nano.a(libc_a-lock.o)
 .ARM.attributes
                0x000006e5       0x32 /Applications/STM32CubeIDE.app/Contents/Eclipse/plugins/com.st.stm32cube.ide.mcu.externaltools.gnu-tools-for-stm32.14.3.rel1.macosaarch64_1.0.0.202602081740/tools/bin/../lib/gcc/arm-none-eabi/14.3.1/../../../../arm-none-eabi/lib/thumb/v7e-m+dp/hard/libc_nano.a(libc_a-impure.o)
 .ARM.attributes
                0x00000717       0x32 /Applications/STM32CubeIDE.app/Contents/Eclipse/plugins/com.st.stm32cube.ide.mcu.externaltools.gnu-tools-for-stm32.14.3.rel1.macosaarch64_1.0.0.202602081740/tools/bin/../lib/gcc/arm-none-eabi/14.3.1/../../../../arm-none-eabi/lib/thumb/v7e-m+dp/hard/libc_nano.a(libc_a-nano-vfprintf.o)
 .ARM.attributes
                0x00000749       0x32 /Applications/STM32CubeIDE.app/Contents/Eclipse/plugins/com.st.stm32cube.ide.mcu.externaltools.gnu-tools-for-stm32.14.3.rel1.macosaarch64_1.0.0.202602081740/tools/bin/../lib/gcc/arm-none-eabi/14.3.1/../../../../arm-none-eabi/lib/thumb/v7e-m+dp/hard/libc_nano.a(libc_a-mallocr.o)
 .ARM.attributes
                0x0000077b       0x32 /Applications/STM32CubeIDE.app/Contents/Eclipse/plugins/com.st.stm32cube.ide.mcu.externaltools.gnu-tools-for-stm32.14.3.rel1.macosaarch64_1.0.0.202602081740/tools/bin/../lib/gcc/arm-none-eabi/14.3.1/../../../../arm-none-eabi/lib/thumb/v7e-m+dp/hard/libc_nano.a(libc_a-nano-vfprintf_i.o)
 .ARM.attributes
                0x000007ad       0x32 /Applications/STM32CubeIDE.app/Contents/Eclipse/plugins/com.st.stm32cube.ide.mcu.externaltools.gnu-tools-for-stm32.14.3.rel1.macosaarch64_1.0.0.202602081740/tools/bin/../lib/gcc/arm-none-eabi/14.3.1/../../../../arm-none-eabi/lib/thumb/v7e-m+dp/hard/libc_nano.a(libc_a-fflush.o)
 .ARM.attributes
                0x000007df       0x32 /Applications/STM32CubeIDE.app/Contents/Eclipse/plugins/com.st.stm32cube.ide.mcu.externaltools.gnu-tools-for-stm32.14.3.rel1.macosaarch64_1.0.0.202602081740/tools/bin/../lib/gcc/arm-none-eabi/14.3.1/../../../../arm-none-eabi/lib/thumb/v7e-m+dp/hard/libc_nano.a(libc_a-mlock.o)
 .ARM.attributes
                0x00000811       0x32 /Applications/STM32CubeIDE.app/Contents/Eclipse/plugins/com.st.stm32cube.ide.mcu.externaltools.gnu-tools-for-stm32.14.3.rel1.macosaarch64_1.0.0.202602081740/tools/bin/../lib/gcc/arm-none-eabi/14.3.1/../../../../arm-none-eabi/lib/thumb/v7e-m+dp/hard/libc_nano.a(libc_a-stdio.o)
 .ARM.attributes
                0x00000843       0x32 /Applications/STM32CubeIDE.app/Contents/Eclipse/plugins/com.st.stm32cube.ide.mcu.externaltools.gnu-tools-for-stm32.14.3.rel1.macosaarch64_1.0.0.202602081740/tools/bin/../lib/gcc/arm-none-eabi/14.3.1/../../../../arm-none-eabi/lib/thumb/v7e-m+dp/hard/libc_nano.a(libc_a-wbuf.o)
 .ARM.attributes
                0x00000875       0x32 /Applications/STM32CubeIDE.app/Contents/Eclipse/plugins/com.st.stm32cube.ide.mcu.externaltools.gnu-tools-for-stm32.14.3.rel1.macosaarch64_1.0.0.202602081740/tools/bin/../lib/gcc/arm-none-eabi/14.3.1/../../../../arm-none-eabi/lib/thumb/v7e-m+dp/hard/libc_nano.a(libc_a-wsetup.o)
 .ARM.attributes
                0x000008a7       0x32 /Applications/STM32CubeIDE.app/Contents/Eclipse/plugins/com.st.stm32cube.ide.mcu.externaltools.gnu-tools-for-stm32.14.3.rel1.macosaarch64_1.0.0.202602081740/tools/bin/../lib/gcc/arm-none-eabi/14.3.1/../../../../arm-none-eabi/lib/thumb/v7e-m+dp/hard/libc_nano.a(libc_a-makebuf.o)
 .ARM.attributes
                0x000008d9       0x32 /Applications/STM32CubeIDE.app/Contents/Eclipse/plugins/com.st.stm32cube.ide.mcu.externaltools.gnu-tools-for-stm32.14.3.rel1.macosaarch64_1.0.0.202602081740/tools/bin/../lib/gcc/arm-none-eabi/14.3.1/../../../../arm-none-eabi/lib/thumb/v7e-m+dp/hard/libc_nano.a(libc_a-isattyr.o)
 .ARM.attributes
                0x0000090b       0x32 /Applications/STM32CubeIDE.app/Contents/Eclipse/plugins/com.st.stm32cube.ide.mcu.externaltools.gnu-tools-for-stm32.14.3.rel1.macosaarch64_1.0.0.202602081740/tools/bin/../lib/gcc/arm-none-eabi/14.3.1/../../../../arm-none-eabi/lib/thumb/v7e-m+dp/hard/libc_nano.a(libc_a-lseekr.o)
 .ARM.attributes